Analysis & Synthesis report for TX
Wed Dec 09 11:33:56 2020
Quartus II Version 11.0 Build 208 07/03/2011 Service Pack 1 SJ Web Edition


---------------------
; Table of Contents ;
---------------------
  1. Legal Notice
  2. Analysis & Synthesis Summary
  3. Analysis & Synthesis Settings
  4. Parallel Compilation
  5. Analysis & Synthesis Source Files Read
  6. Analysis & Synthesis Resource Usage Summary
  7. Analysis & Synthesis Resource Utilization by Entity
  8. State Machine - |tx|FSM_tx:CU|PS
  9. User-Specified and Inferred Latches
 10. General Register Statistics
 11. Multiplexer Restructuring Statistics (Restructuring Performed)
 12. Elapsed Time Per Partition
 13. Analysis & Synthesis Messages



----------------
; Legal Notice ;
----------------
Copyright (C) 1991-2011 Altera Corporation
Your use of Altera Corporation's design tools, logic functions 
and other software and tools, and its AMPP partner logic 
functions, and any output files from any of the foregoing 
(including device programming or simulation files), and any 
associated documentation or information are expressly subject 
to the terms and conditions of the Altera Program License 
Subscription Agreement, Altera MegaCore Function License 
Agreement, or other applicable license agreement, including, 
without limitation, that your use is for the sole purpose of 
programming logic devices manufactured by Altera and sold by 
Altera or its authorized distributors.  Please refer to the 
applicable agreement for further details.



+------------------------------------------------------------------------------------+
; Analysis & Synthesis Summary                                                       ;
+------------------------------------+-----------------------------------------------+
; Analysis & Synthesis Status        ; Successful - Wed Dec 09 11:33:56 2020         ;
; Quartus II Version                 ; 11.0 Build 208 07/03/2011 SP 1 SJ Web Edition ;
; Revision Name                      ; TX                                            ;
; Top-level Entity Name              ; tx                                            ;
; Family                             ; Cyclone II                                    ;
; Total logic elements               ; 59                                            ;
;     Total combinational functions  ; 58                                            ;
;     Dedicated logic registers      ; 42                                            ;
; Total registers                    ; 42                                            ;
; Total pins                         ; 12                                            ;
; Total virtual pins                 ; 0                                             ;
; Total memory bits                  ; 0                                             ;
; Embedded Multiplier 9-bit elements ; 0                                             ;
; Total PLLs                         ; 0                                             ;
+------------------------------------+-----------------------------------------------+


+----------------------------------------------------------------------------------------------------------------------+
; Analysis & Synthesis Settings                                                                                        ;
+----------------------------------------------------------------------------+--------------------+--------------------+
; Option                                                                     ; Setting            ; Default Value      ;
+----------------------------------------------------------------------------+--------------------+--------------------+
; Device                                                                     ; EP2C35F484C6       ;                    ;
; Top-level entity name                                                      ; TX                 ; TX                 ;
; Family name                                                                ; Cyclone II         ; Cyclone IV GX      ;
; Use smart compilation                                                      ; Off                ; Off                ;
; Enable parallel Assembler and TimeQuest Timing Analyzer during compilation ; On                 ; On                 ;
; Enable compact report table                                                ; Off                ; Off                ;
; Restructure Multiplexers                                                   ; Auto               ; Auto               ;
; Create Debugging Nodes for IP Cores                                        ; Off                ; Off                ;
; Preserve fewer node names                                                  ; On                 ; On                 ;
; Disable OpenCore Plus hardware evaluation                                  ; Off                ; Off                ;
; Verilog Version                                                            ; Verilog_2001       ; Verilog_2001       ;
; VHDL Version                                                               ; VHDL_1993          ; VHDL_1993          ;
; State Machine Processing                                                   ; Auto               ; Auto               ;
; Safe State Machine                                                         ; Off                ; Off                ;
; Extract Verilog State Machines                                             ; On                 ; On                 ;
; Extract VHDL State Machines                                                ; On                 ; On                 ;
; Ignore Verilog initial constructs                                          ; Off                ; Off                ;
; Iteration limit for constant Verilog loops                                 ; 5000               ; 5000               ;
; Iteration limit for non-constant Verilog loops                             ; 250                ; 250                ;
; Add Pass-Through Logic to Inferred RAMs                                    ; On                 ; On                 ;
; Parallel Synthesis                                                         ; On                 ; On                 ;
; DSP Block Balancing                                                        ; Auto               ; Auto               ;
; NOT Gate Push-Back                                                         ; On                 ; On                 ;
; Power-Up Don't Care                                                        ; On                 ; On                 ;
; Remove Redundant Logic Cells                                               ; Off                ; Off                ;
; Remove Duplicate Registers                                                 ; On                 ; On                 ;
; Ignore CARRY Buffers                                                       ; Off                ; Off                ;
; Ignore CASCADE Buffers                                                     ; Off                ; Off                ;
; Ignore GLOBAL Buffers                                                      ; Off                ; Off                ;
; Ignore ROW GLOBAL Buffers                                                  ; Off                ; Off                ;
; Ignore LCELL Buffers                                                       ; Off                ; Off                ;
; Ignore SOFT Buffers                                                        ; On                 ; On                 ;
; Limit AHDL Integers to 32 Bits                                             ; Off                ; Off                ;
; Optimization Technique                                                     ; Balanced           ; Balanced           ;
; Carry Chain Length                                                         ; 70                 ; 70                 ;
; Auto Carry Chains                                                          ; On                 ; On                 ;
; Auto Open-Drain Pins                                                       ; On                 ; On                 ;
; Perform WYSIWYG Primitive Resynthesis                                      ; Off                ; Off                ;
; Auto ROM Replacement                                                       ; On                 ; On                 ;
; Auto RAM Replacement                                                       ; On                 ; On                 ;
; Auto Shift Register Replacement                                            ; Auto               ; Auto               ;
; Allow Shift Register Merging across Hierarchies                            ; Auto               ; Auto               ;
; Auto Clock Enable Replacement                                              ; On                 ; On                 ;
; Strict RAM Replacement                                                     ; Off                ; Off                ;
; Allow Synchronous Control Signals                                          ; On                 ; On                 ;
; Force Use of Synchronous Clear Signals                                     ; Off                ; Off                ;
; Auto RAM to Logic Cell Conversion                                          ; Off                ; Off                ;
; Auto Resource Sharing                                                      ; Off                ; Off                ;
; Allow Any RAM Size For Recognition                                         ; Off                ; Off                ;
; Allow Any ROM Size For Recognition                                         ; Off                ; Off                ;
; Allow Any Shift Register Size For Recognition                              ; Off                ; Off                ;
; Use LogicLock Constraints during Resource Balancing                        ; On                 ; On                 ;
; Ignore translate_off and synthesis_off directives                          ; Off                ; Off                ;
; Timing-Driven Synthesis                                                    ; Off                ; Off                ;
; Report Parameter Settings                                                  ; On                 ; On                 ;
; Report Source Assignments                                                  ; On                 ; On                 ;
; Report Connectivity Checks                                                 ; On                 ; On                 ;
; Ignore Maximum Fan-Out Assignments                                         ; Off                ; Off                ;
; Synchronization Register Chain Length                                      ; 2                  ; 2                  ;
; PowerPlay Power Optimization                                               ; Normal compilation ; Normal compilation ;
; HDL message level                                                          ; Level2             ; Level2             ;
; Suppress Register Optimization Related Messages                            ; Off                ; Off                ;
; Number of Removed Registers Reported in Synthesis Report                   ; 5000               ; 5000               ;
; Number of Inverted Registers Reported in Synthesis Report                  ; 100                ; 100                ;
; Clock MUX Protection                                                       ; On                 ; On                 ;
; Auto Gated Clock Conversion                                                ; Off                ; Off                ;
; Block Design Naming                                                        ; Auto               ; Auto               ;
; SDC constraint protection                                                  ; Off                ; Off                ;
; Synthesis Effort                                                           ; Auto               ; Auto               ;
; Shift Register Replacement - Allow Asynchronous Clear Signal               ; On                 ; On                 ;
; Analysis & Synthesis Message Level                                         ; Medium             ; Medium             ;
; Disable Register Merging Across Hierarchies                                ; Auto               ; Auto               ;
; Resource Aware Inference For Block RAM                                     ; On                 ; On                 ;
; Synthesis Seed                                                             ; 1                  ; 1                  ;
+----------------------------------------------------------------------------+--------------------+--------------------+


Parallel compilation was disabled, but you have multiple processors available. Enable parallel compilation to reduce compilation time.
+-------------------------------------+
; Parallel Compilation                ;
+----------------------------+--------+
; Processors                 ; Number ;
+----------------------------+--------+
; Number detected on machine ; 2      ;
; Maximum allowed            ; 1      ;
+----------------------------+--------+


+------------------------------------------------------------------------------------------------------------------------------------------+
; Analysis & Synthesis Source Files Read                                                                                                   ;
+----------------------------------+-----------------+-----------------+-------------------------------------------------------------------+
; File Name with User-Entered Path ; Used in Netlist ; File Type       ; File Name with Absolute Path                                      ;
+----------------------------------+-----------------+-----------------+-------------------------------------------------------------------+
; tx.vhd                           ; yes             ; User VHDL File  ; C:/Users/Utente.000/Desktop/progetti SDI/TX/tx.vhd                ;
; shift_register_tx.vhd            ; yes             ; User VHDL File  ; C:/Users/Utente.000/Desktop/progetti SDI/TX/shift_register_tx.vhd ;
; FSM_tx.vhd                       ; yes             ; User VHDL File  ; C:/Users/Utente.000/Desktop/progetti SDI/TX/FSM_tx.vhd            ;
; FlipFlop.vhd                     ; yes             ; User VHDL File  ; C:/Users/Utente.000/Desktop/progetti SDI/TX/FlipFlop.vhd          ;
; Counter_tx.vhd                   ; yes             ; User VHDL File  ; C:/Users/Utente.000/Desktop/progetti SDI/TX/Counter_tx.vhd        ;
+----------------------------------+-----------------+-----------------+-------------------------------------------------------------------+


+-----------------------------------------------------+
; Analysis & Synthesis Resource Usage Summary         ;
+---------------------------------------------+-------+
; Resource                                    ; Usage ;
+---------------------------------------------+-------+
; Estimated Total logic elements              ; 59    ;
;                                             ;       ;
; Total combinational functions               ; 58    ;
; Logic element usage by number of LUT inputs ;       ;
;     -- 4 input functions                    ; 17    ;
;     -- 3 input functions                    ; 34    ;
;     -- <=2 input functions                  ; 7     ;
;                                             ;       ;
; Logic elements by mode                      ;       ;
;     -- normal mode                          ; 52    ;
;     -- arithmetic mode                      ; 6     ;
;                                             ;       ;
; Total registers                             ; 42    ;
;     -- Dedicated logic registers            ; 42    ;
;     -- I/O registers                        ; 0     ;
;                                             ;       ;
; I/O pins                                    ; 12    ;
; Maximum fan-out node                        ; CLK   ;
; Maximum fan-out                             ; 42    ;
; Total fan-out                               ; 293   ;
; Average fan-out                             ; 2.62  ;
+---------------------------------------------+-------+


+---------------------------------------------------------------------------------------------------------------------------------------------------------------------------------------+
; Analysis & Synthesis Resource Utilization by Entity                                                                                                                                   ;
+------------------------------+-------------------+--------------+-------------+--------------+---------+-----------+------+--------------+-----------------------------+--------------+
; Compilation Hierarchy Node   ; LC Combinationals ; LC Registers ; Memory Bits ; DSP Elements ; DSP 9x9 ; DSP 18x18 ; Pins ; Virtual Pins ; Full Hierarchy Name         ; Library Name ;
+------------------------------+-------------------+--------------+-------------+--------------+---------+-----------+------+--------------+-----------------------------+--------------+
; |tx                          ; 58 (0)            ; 42 (0)       ; 0           ; 0            ; 0       ; 0         ; 12   ; 0            ; |tx                         ;              ;
;    |Counter_tx:CNT|          ; 12 (12)           ; 9 (9)        ; 0           ; 0            ; 0       ; 0         ; 0    ; 0            ; |tx|Counter_tx:CNT          ;              ;
;    |FSM_tx:CU|               ; 34 (34)           ; 22 (22)      ; 0           ; 0            ; 0       ; 0         ; 0    ; 0            ; |tx|FSM_tx:CU               ;              ;
;    |FlipFlop:FF|             ; 0 (0)             ; 1 (1)        ; 0           ; 0            ; 0       ; 0         ; 0    ; 0            ; |tx|FlipFlop:FF             ;              ;
;    |shift_register_tx:S_REG| ; 12 (12)           ; 10 (10)      ; 0           ; 0            ; 0       ; 0         ; 0    ; 0            ; |tx|shift_register_tx:S_REG ;              ;
+------------------------------+-------------------+--------------+-------------+--------------+---------+-----------+------+--------------+-----------------------------+--------------+
Note: For table entries with two numbers listed, the numbers in parentheses indicate the number of resources of the given type used by the specific entity alone. The numbers listed outside of parentheses indicate the total resources of the given type used by the specific entity and all of its sub-entities in the hierarchy.


Encoding Type:  One-Hot
+-----------------------------------------------------------------------------------------------------------------------------------------------------------------------------------------------------------------------------+
; State Machine - |tx|FSM_tx:CU|PS                                                                                                                                                                                            ;
+---------------+---------------+-------+-------+-------+-------+-------+-------+-------+-------+---------+------------+--------+--------+--------+--------+--------+--------+--------+--------+----------+---------+---------+
; Name          ; PS.DONE_STATE ; PS.D7 ; PS.D6 ; PS.D5 ; PS.D4 ; PS.D3 ; PS.D2 ; PS.D1 ; PS.D0 ; PS.STOP ; PS.SH_STOP ; PS.SH7 ; PS.SH6 ; PS.SH5 ; PS.SH4 ; PS.SH3 ; PS.SH2 ; PS.SH1 ; PS.SH0 ; PS.START ; PS.LOAD ; PS.IDLE ;
+---------------+---------------+-------+-------+-------+-------+-------+-------+-------+-------+---------+------------+--------+--------+--------+--------+--------+--------+--------+--------+----------+---------+---------+
; PS.IDLE       ; 0             ; 0     ; 0     ; 0     ; 0     ; 0     ; 0     ; 0     ; 0     ; 0       ; 0          ; 0      ; 0      ; 0      ; 0      ; 0      ; 0      ; 0      ; 0      ; 0        ; 0       ; 0       ;
; PS.LOAD       ; 0             ; 0     ; 0     ; 0     ; 0     ; 0     ; 0     ; 0     ; 0     ; 0       ; 0          ; 0      ; 0      ; 0      ; 0      ; 0      ; 0      ; 0      ; 0      ; 0        ; 1       ; 1       ;
; PS.START      ; 0             ; 0     ; 0     ; 0     ; 0     ; 0     ; 0     ; 0     ; 0     ; 0       ; 0          ; 0      ; 0      ; 0      ; 0      ; 0      ; 0      ; 0      ; 0      ; 1        ; 0       ; 1       ;
; PS.SH0        ; 0             ; 0     ; 0     ; 0     ; 0     ; 0     ; 0     ; 0     ; 0     ; 0       ; 0          ; 0      ; 0      ; 0      ; 0      ; 0      ; 0      ; 0      ; 1      ; 0        ; 0       ; 1       ;
; PS.SH1        ; 0             ; 0     ; 0     ; 0     ; 0     ; 0     ; 0     ; 0     ; 0     ; 0       ; 0          ; 0      ; 0      ; 0      ; 0      ; 0      ; 0      ; 1      ; 0      ; 0        ; 0       ; 1       ;
; PS.SH2        ; 0             ; 0     ; 0     ; 0     ; 0     ; 0     ; 0     ; 0     ; 0     ; 0       ; 0          ; 0      ; 0      ; 0      ; 0      ; 0      ; 1      ; 0      ; 0      ; 0        ; 0       ; 1       ;
; PS.SH3        ; 0             ; 0     ; 0     ; 0     ; 0     ; 0     ; 0     ; 0     ; 0     ; 0       ; 0          ; 0      ; 0      ; 0      ; 0      ; 1      ; 0      ; 0      ; 0      ; 0        ; 0       ; 1       ;
; PS.SH4        ; 0             ; 0     ; 0     ; 0     ; 0     ; 0     ; 0     ; 0     ; 0     ; 0       ; 0          ; 0      ; 0      ; 0      ; 1      ; 0      ; 0      ; 0      ; 0      ; 0        ; 0       ; 1       ;
; PS.SH5        ; 0             ; 0     ; 0     ; 0     ; 0     ; 0     ; 0     ; 0     ; 0     ; 0       ; 0          ; 0      ; 0      ; 1      ; 0      ; 0      ; 0      ; 0      ; 0      ; 0        ; 0       ; 1       ;
; PS.SH6        ; 0             ; 0     ; 0     ; 0     ; 0     ; 0     ; 0     ; 0     ; 0     ; 0       ; 0          ; 0      ; 1      ; 0      ; 0      ; 0      ; 0      ; 0      ; 0      ; 0        ; 0       ; 1       ;
; PS.SH7        ; 0             ; 0     ; 0     ; 0     ; 0     ; 0     ; 0     ; 0     ; 0     ; 0       ; 0          ; 1      ; 0      ; 0      ; 0      ; 0      ; 0      ; 0      ; 0      ; 0        ; 0       ; 1       ;
; PS.SH_STOP    ; 0             ; 0     ; 0     ; 0     ; 0     ; 0     ; 0     ; 0     ; 0     ; 0       ; 1          ; 0      ; 0      ; 0      ; 0      ; 0      ; 0      ; 0      ; 0      ; 0        ; 0       ; 1       ;
; PS.STOP       ; 0             ; 0     ; 0     ; 0     ; 0     ; 0     ; 0     ; 0     ; 0     ; 1       ; 0          ; 0      ; 0      ; 0      ; 0      ; 0      ; 0      ; 0      ; 0      ; 0        ; 0       ; 1       ;
; PS.D0         ; 0             ; 0     ; 0     ; 0     ; 0     ; 0     ; 0     ; 0     ; 1     ; 0       ; 0          ; 0      ; 0      ; 0      ; 0      ; 0      ; 0      ; 0      ; 0      ; 0        ; 0       ; 1       ;
; PS.D1         ; 0             ; 0     ; 0     ; 0     ; 0     ; 0     ; 0     ; 1     ; 0     ; 0       ; 0          ; 0      ; 0      ; 0      ; 0      ; 0      ; 0      ; 0      ; 0      ; 0        ; 0       ; 1       ;
; PS.D2         ; 0             ; 0     ; 0     ; 0     ; 0     ; 0     ; 1     ; 0     ; 0     ; 0       ; 0          ; 0      ; 0      ; 0      ; 0      ; 0      ; 0      ; 0      ; 0      ; 0        ; 0       ; 1       ;
; PS.D3         ; 0             ; 0     ; 0     ; 0     ; 0     ; 1     ; 0     ; 0     ; 0     ; 0       ; 0          ; 0      ; 0      ; 0      ; 0      ; 0      ; 0      ; 0      ; 0      ; 0        ; 0       ; 1       ;
; PS.D4         ; 0             ; 0     ; 0     ; 0     ; 1     ; 0     ; 0     ; 0     ; 0     ; 0       ; 0          ; 0      ; 0      ; 0      ; 0      ; 0      ; 0      ; 0      ; 0      ; 0        ; 0       ; 1       ;
; PS.D5         ; 0             ; 0     ; 0     ; 1     ; 0     ; 0     ; 0     ; 0     ; 0     ; 0       ; 0          ; 0      ; 0      ; 0      ; 0      ; 0      ; 0      ; 0      ; 0      ; 0        ; 0       ; 1       ;
; PS.D6         ; 0             ; 0     ; 1     ; 0     ; 0     ; 0     ; 0     ; 0     ; 0     ; 0       ; 0          ; 0      ; 0      ; 0      ; 0      ; 0      ; 0      ; 0      ; 0      ; 0        ; 0       ; 1       ;
; PS.D7         ; 0             ; 1     ; 0     ; 0     ; 0     ; 0     ; 0     ; 0     ; 0     ; 0       ; 0          ; 0      ; 0      ; 0      ; 0      ; 0      ; 0      ; 0      ; 0      ; 0        ; 0       ; 1       ;
; PS.DONE_STATE ; 1             ; 0     ; 0     ; 0     ; 0     ; 0     ; 0     ; 0     ; 0     ; 0       ; 0          ; 0      ; 0      ; 0      ; 0      ; 0      ; 0      ; 0      ; 0      ; 0        ; 0       ; 1       ;
+---------------+---------------+-------+-------+-------+-------+-------+-------+-------+-------+---------+------------+--------+--------+--------+--------+--------+--------+--------+--------+----------+---------+---------+


+-----------------------------------------------------------------------------------------------------+
; User-Specified and Inferred Latches                                                                 ;
+-----------------------------------------------------+----------------------+------------------------+
; Latch Name                                          ; Latch Enable Signal  ; Free of Timing Hazards ;
+-----------------------------------------------------+----------------------+------------------------+
; FSM_tx:CU|NS.DONE_STATE_563                         ; FSM_tx:CU|Selector23 ; yes                    ;
; FSM_tx:CU|NS.STOP_734                               ; FSM_tx:CU|Selector23 ; yes                    ;
; FSM_tx:CU|NS.D7_582                                 ; FSM_tx:CU|Selector23 ; yes                    ;
; FSM_tx:CU|NS.D6_601                                 ; FSM_tx:CU|Selector23 ; yes                    ;
; FSM_tx:CU|NS.D5_620                                 ; FSM_tx:CU|Selector23 ; yes                    ;
; FSM_tx:CU|NS.D4_639                                 ; FSM_tx:CU|Selector23 ; yes                    ;
; FSM_tx:CU|NS.D3_658                                 ; FSM_tx:CU|Selector23 ; yes                    ;
; FSM_tx:CU|NS.D2_677                                 ; FSM_tx:CU|Selector23 ; yes                    ;
; FSM_tx:CU|NS.D1_696                                 ; FSM_tx:CU|Selector23 ; yes                    ;
; FSM_tx:CU|NS.D0_715                                 ; FSM_tx:CU|Selector23 ; yes                    ;
; FSM_tx:CU|NS.START_924                              ; FSM_tx:CU|Selector23 ; yes                    ;
; FSM_tx:CU|NS.IDLE_962                               ; FSM_tx:CU|Selector23 ; yes                    ;
; FSM_tx:CU|NS.SH0_905                                ; FSM_tx:CU|Selector23 ; yes                    ;
; FSM_tx:CU|NS.SH1_886                                ; FSM_tx:CU|Selector23 ; yes                    ;
; FSM_tx:CU|NS.SH2_867                                ; FSM_tx:CU|Selector23 ; yes                    ;
; FSM_tx:CU|NS.SH3_848                                ; FSM_tx:CU|Selector23 ; yes                    ;
; FSM_tx:CU|NS.SH4_829                                ; FSM_tx:CU|Selector23 ; yes                    ;
; FSM_tx:CU|NS.SH5_810                                ; FSM_tx:CU|Selector23 ; yes                    ;
; FSM_tx:CU|NS.SH6_791                                ; FSM_tx:CU|Selector23 ; yes                    ;
; FSM_tx:CU|NS.SH7_772                                ; FSM_tx:CU|Selector23 ; yes                    ;
; FSM_tx:CU|NS.SH_STOP_753                            ; FSM_tx:CU|Selector23 ; yes                    ;
; FSM_tx:CU|NS.LOAD_943                               ; FSM_tx:CU|Selector23 ; yes                    ;
; Number of user-specified and inferred latches = 22  ;                      ;                        ;
+-----------------------------------------------------+----------------------+------------------------+
Note: All latches listed above may not be present at the end of synthesis due to various synthesis optimizations.


+------------------------------------------------------+
; General Register Statistics                          ;
+----------------------------------------------+-------+
; Statistic                                    ; Value ;
+----------------------------------------------+-------+
; Total registers                              ; 42    ;
; Number of registers using Synchronous Clear  ; 0     ;
; Number of registers using Synchronous Load   ; 0     ;
; Number of registers using Asynchronous Clear ; 9     ;
; Number of registers using Asynchronous Load  ; 0     ;
; Number of registers using Clock Enable       ; 16    ;
; Number of registers using Preset             ; 0     ;
+----------------------------------------------+-------+


+-----------------------------------------------------------------------------------------------------------------------------------------------------------------+
; Multiplexer Restructuring Statistics (Restructuring Performed)                                                                                                  ;
+--------------------+-----------+---------------+----------------------+------------------------+-----------------------------------+----------------------------+
; Multiplexer Inputs ; Bus Width ; Baseline Area ; Area if Restructured ; Saving if Restructured ; Registered                        ; Example Multiplexer Output ;
+--------------------+-----------+---------------+----------------------+------------------------+-----------------------------------+----------------------------+
; 3:1                ; 8 bits    ; 16 LEs        ; 8 LEs                ; 8 LEs                  ; |tx|shift_register_tx:S_REG|SD[1] ;                            ;
+--------------------+-----------+---------------+----------------------+------------------------+-----------------------------------+----------------------------+


+-------------------------------+
; Elapsed Time Per Partition    ;
+----------------+--------------+
; Partition Name ; Elapsed Time ;
+----------------+--------------+
; Top            ; 00:00:00     ;
+----------------+--------------+


+-------------------------------+
; Analysis & Synthesis Messages ;
+-------------------------------+
Info: *******************************************************************
Info: Running Quartus II Analysis & Synthesis
    Info: Version 11.0 Build 208 07/03/2011 Service Pack 1 SJ Web Edition
    Info: Processing started: Wed Dec 09 11:33:52 2020
Info: Command: quartus_map --read_settings_files=on --write_settings_files=off TX -c TX
Warning: Parallel compilation is not licensed and has been disabled
Info: Found 2 design units, including 1 entities, in source file tx_tb.vhd
    Info: Found design unit 1: tx_TB-behav
    Info: Found entity 1: tx_TB
Info: Found 2 design units, including 1 entities, in source file tx.vhd
    Info: Found design unit 1: tx-behav
    Info: Found entity 1: tx
Info: Found 2 design units, including 1 entities, in source file shift_register_tx.vhd
    Info: Found design unit 1: shift_register_tx-behav
    Info: Found entity 1: shift_register_tx
Info: Found 2 design units, including 1 entities, in source file fsm_tx.vhd
    Info: Found design unit 1: FSM_tx-behav
    Info: Found entity 1: FSM_tx
Info: Found 2 design units, including 1 entities, in source file flipflop.vhd
    Info: Found design unit 1: FlipFlop-behav
    Info: Found entity 1: FlipFlop
Info: Found 2 design units, including 1 entities, in source file counter_tx.vhd
    Info: Found design unit 1: Counter_tx-behav
    Info: Found entity 1: Counter_tx
Info: Elaborating entity "TX" for the top level hierarchy
Info: Elaborating entity "shift_register_tx" for hierarchy "shift_register_tx:S_REG"
Info: Elaborating entity "FlipFlop" for hierarchy "FlipFlop:FF"
Info: Elaborating entity "Counter_tx" for hierarchy "Counter_tx:CNT"
Info: Elaborating entity "FSM_tx" for hierarchy "FSM_tx:CU"
Warning (10631): VHDL Process Statement warning at FSM_tx.vhd(20): inferring latch(es) for signal or variable "NS", which holds its previous value in one or more paths through the process
Info (10041): Inferred latch for "NS.DONE_STATE" at FSM_tx.vhd(20)
Info (10041): Inferred latch for "NS.D7" at FSM_tx.vhd(20)
Info (10041): Inferred latch for "NS.D6" at FSM_tx.vhd(20)
Info (10041): Inferred latch for "NS.D5" at FSM_tx.vhd(20)
Info (10041): Inferred latch for "NS.D4" at FSM_tx.vhd(20)
Info (10041): Inferred latch for "NS.D3" at FSM_tx.vhd(20)
Info (10041): Inferred latch for "NS.D2" at FSM_tx.vhd(20)
Info (10041): Inferred latch for "NS.D1" at FSM_tx.vhd(20)
Info (10041): Inferred latch for "NS.D0" at FSM_tx.vhd(20)
Info (10041): Inferred latch for "NS.STOP" at FSM_tx.vhd(20)
Info (10041): Inferred latch for "NS.SH_STOP" at FSM_tx.vhd(20)
Info (10041): Inferred latch for "NS.SH7" at FSM_tx.vhd(20)
Info (10041): Inferred latch for "NS.SH6" at FSM_tx.vhd(20)
Info (10041): Inferred latch for "NS.SH5" at FSM_tx.vhd(20)
Info (10041): Inferred latch for "NS.SH4" at FSM_tx.vhd(20)
Info (10041): Inferred latch for "NS.SH3" at FSM_tx.vhd(20)
Info (10041): Inferred latch for "NS.SH2" at FSM_tx.vhd(20)
Info (10041): Inferred latch for "NS.SH1" at FSM_tx.vhd(20)
Info (10041): Inferred latch for "NS.SH0" at FSM_tx.vhd(20)
Info (10041): Inferred latch for "NS.START" at FSM_tx.vhd(20)
Info (10041): Inferred latch for "NS.LOAD" at FSM_tx.vhd(20)
Info (10041): Inferred latch for "NS.IDLE" at FSM_tx.vhd(20)
Warning: Latch FSM_tx:CU|NS.DONE_STATE_563 has unsafe behavior
    Warning: Ports D and ENA on the latch are fed by the same signal FSM_tx:CU|PS.STOP
Warning: Latch FSM_tx:CU|NS.SH0_905 has unsafe behavior
    Warning: Ports D and ENA on the latch are fed by the same signal FSM_tx:CU|PS.START
Warning: Latch FSM_tx:CU|NS.SH1_886 has unsafe behavior
    Warning: Ports D and ENA on the latch are fed by the same signal FSM_tx:CU|PS.D0
Warning: Latch FSM_tx:CU|NS.SH2_867 has unsafe behavior
    Warning: Ports D and ENA on the latch are fed by the same signal FSM_tx:CU|PS.D1
Warning: Latch FSM_tx:CU|NS.SH3_848 has unsafe behavior
    Warning: Ports D and ENA on the latch are fed by the same signal FSM_tx:CU|PS.D2
Warning: Latch FSM_tx:CU|NS.SH4_829 has unsafe behavior
    Warning: Ports D and ENA on the latch are fed by the same signal FSM_tx:CU|PS.D3
Warning: Latch FSM_tx:CU|NS.SH5_810 has unsafe behavior
    Warning: Ports D and ENA on the latch are fed by the same signal FSM_tx:CU|PS.D4
Warning: Latch FSM_tx:CU|NS.SH6_791 has unsafe behavior
    Warning: Ports D and ENA on the latch are fed by the same signal FSM_tx:CU|PS.D5
Warning: Latch FSM_tx:CU|NS.SH7_772 has unsafe behavior
    Warning: Ports D and ENA on the latch are fed by the same signal FSM_tx:CU|PS.D6
Warning: Latch FSM_tx:CU|NS.SH_STOP_753 has unsafe behavior
    Warning: Ports D and ENA on the latch are fed by the same signal FSM_tx:CU|PS.D7
Warning: Latch FSM_tx:CU|NS.LOAD_943 has unsafe behavior
    Warning: Ports D and ENA on the latch are fed by the same signal FSM_tx:CU|PS.IDLE
Info: Generating hard_block partition "hard_block:auto_generated_inst"
Info: Implemented 92 device resources after synthesis - the final resource count might be different
    Info: Implemented 10 input pins
    Info: Implemented 2 output pins
    Info: Implemented 80 logic cells
Info: Quartus II Analysis & Synthesis was successful. 0 errors, 24 warnings
    Info: Peak virtual memory: 305 megabytes
    Info: Processing ended: Wed Dec 09 11:33:56 2020
    Info: Elapsed time: 00:00:04
    Info: Total CPU time (on all processors): 00:00:04


