------------------------------------------------------------
TimeQuest Timing Analyzer Summary
------------------------------------------------------------

Type  : Slow Model Setup 'CLK'
Slack : -4.547
TNS   : -131.317

Type  : Slow Model Setup 'TX_EN'
Slack : 1.917
TNS   : 0.000

Type  : Slow Model Hold 'TX_EN'
Slack : -3.293
TNS   : -61.590

Type  : Slow Model Hold 'CLK'
Slack : 0.391
TNS   : 0.000

Type  : Slow Model Recovery 'CLK'
Slack : -1.932
TNS   : -16.161

Type  : Slow Model Removal 'CLK'
Slack : 1.966
TNS   : 0.000

Type  : Slow Model Minimum Pulse Width 'CLK'
Slack : -1.380
TNS   : -43.380

Type  : Slow Model Minimum Pulse Width 'TX_EN'
Slack : -1.222
TNS   : -1.222

Type  : Fast Model Setup 'CLK'
Slack : -2.080
TNS   : -47.085

Type  : Fast Model Setup 'TX_EN'
Slack : 1.221
TNS   : 0.000

Type  : Fast Model Hold 'TX_EN'
Slack : -1.453
TNS   : -25.638

Type  : Fast Model Hold 'CLK'
Slack : 0.215
TNS   : 0.000

Type  : Fast Model Recovery 'CLK'
Slack : -0.607
TNS   : -3.821

Type  : Fast Model Removal 'CLK'
Slack : 0.980
TNS   : 0.000

Type  : Fast Model Minimum Pulse Width 'CLK'
Slack : -1.380
TNS   : -43.380

Type  : Fast Model Minimum Pulse Width 'TX_EN'
Slack : -1.222
TNS   : -1.222

------------------------------------------------------------
