Analysis & Synthesis report for UART
Mon Dec 14 17:32:40 2020
Quartus II Version 11.0 Build 208 07/03/2011 Service Pack 1 SJ Web Edition


---------------------
; Table of Contents ;
---------------------
  1. Legal Notice
  2. Analysis & Synthesis Summary
  3. Analysis & Synthesis Settings
  4. Parallel Compilation
  5. Analysis & Synthesis Source Files Read
  6. Analysis & Synthesis Resource Usage Summary
  7. Analysis & Synthesis Resource Utilization by Entity
  8. State Machine - |UART|BUS_INT:bus_i|FSM_BUS:CU|PS
  9. State Machine - |UART|RX:rix|FSM_RX:CU|PS
 10. State Machine - |UART|tx:trasm|FSM_tx:CU|PS
 11. User-Specified and Inferred Latches
 12. Registers Removed During Synthesis
 13. Removed Registers Triggering Further Register Optimizations
 14. General Register Statistics
 15. Multiplexer Restructuring Statistics (Restructuring Performed)
 16. Elapsed Time Per Partition
 17. Analysis & Synthesis Messages



----------------
; Legal Notice ;
----------------
Copyright (C) 1991-2011 Altera Corporation
Your use of Altera Corporation's design tools, logic functions 
and other software and tools, and its AMPP partner logic 
functions, and any output files from any of the foregoing 
(including device programming or simulation files), and any 
associated documentation or information are expressly subject 
to the terms and conditions of the Altera Program License 
Subscription Agreement, Altera MegaCore Function License 
Agreement, or other applicable license agreement, including, 
without limitation, that your use is for the sole purpose of 
programming logic devices manufactured by Altera and sold by 
Altera or its authorized distributors.  Please refer to the 
applicable agreement for further details.



+------------------------------------------------------------------------------------+
; Analysis & Synthesis Summary                                                       ;
+------------------------------------+-----------------------------------------------+
; Analysis & Synthesis Status        ; Successful - Mon Dec 14 17:32:40 2020         ;
; Quartus II Version                 ; 11.0 Build 208 07/03/2011 SP 1 SJ Web Edition ;
; Revision Name                      ; UART                                          ;
; Top-level Entity Name              ; UART                                          ;
; Family                             ; Cyclone II                                    ;
; Total logic elements               ; 210                                           ;
;     Total combinational functions  ; 167                                           ;
;     Dedicated logic registers      ; 138                                           ;
; Total registers                    ; 138                                           ;
; Total pins                         ; 26                                            ;
; Total virtual pins                 ; 0                                             ;
; Total memory bits                  ; 0                                             ;
; Embedded Multiplier 9-bit elements ; 0                                             ;
; Total PLLs                         ; 0                                             ;
+------------------------------------+-----------------------------------------------+


+----------------------------------------------------------------------------------------------------------------------+
; Analysis & Synthesis Settings                                                                                        ;
+----------------------------------------------------------------------------+--------------------+--------------------+
; Option                                                                     ; Setting            ; Default Value      ;
+----------------------------------------------------------------------------+--------------------+--------------------+
; Device                                                                     ; EP2C35U484C6       ;                    ;
; Top-level entity name                                                      ; UART               ; UART               ;
; Family name                                                                ; Cyclone II         ; Cyclone IV GX      ;
; Use smart compilation                                                      ; Off                ; Off                ;
; Enable parallel Assembler and TimeQuest Timing Analyzer during compilation ; On                 ; On                 ;
; Enable compact report table                                                ; Off                ; Off                ;
; Restructure Multiplexers                                                   ; Auto               ; Auto               ;
; Create Debugging Nodes for IP Cores                                        ; Off                ; Off                ;
; Preserve fewer node names                                                  ; On                 ; On                 ;
; Disable OpenCore Plus hardware evaluation                                  ; Off                ; Off                ;
; Verilog Version                                                            ; Verilog_2001       ; Verilog_2001       ;
; VHDL Version                                                               ; VHDL_1993          ; VHDL_1993          ;
; State Machine Processing                                                   ; Auto               ; Auto               ;
; Safe State Machine                                                         ; Off                ; Off                ;
; Extract Verilog State Machines                                             ; On                 ; On                 ;
; Extract VHDL State Machines                                                ; On                 ; On                 ;
; Ignore Verilog initial constructs                                          ; Off                ; Off                ;
; Iteration limit for constant Verilog loops                                 ; 5000               ; 5000               ;
; Iteration limit for non-constant Verilog loops                             ; 250                ; 250                ;
; Add Pass-Through Logic to Inferred RAMs                                    ; On                 ; On                 ;
; Parallel Synthesis                                                         ; On                 ; On                 ;
; DSP Block Balancing                                                        ; Auto               ; Auto               ;
; NOT Gate Push-Back                                                         ; On                 ; On                 ;
; Power-Up Don't Care                                                        ; On                 ; On                 ;
; Remove Redundant Logic Cells                                               ; Off                ; Off                ;
; Remove Duplicate Registers                                                 ; On                 ; On                 ;
; Ignore CARRY Buffers                                                       ; Off                ; Off                ;
; Ignore CASCADE Buffers                                                     ; Off                ; Off                ;
; Ignore GLOBAL Buffers                                                      ; Off                ; Off                ;
; Ignore ROW GLOBAL Buffers                                                  ; Off                ; Off                ;
; Ignore LCELL Buffers                                                       ; Off                ; Off                ;
; Ignore SOFT Buffers                                                        ; On                 ; On                 ;
; Limit AHDL Integers to 32 Bits                                             ; Off                ; Off                ;
; Optimization Technique                                                     ; Balanced           ; Balanced           ;
; Carry Chain Length                                                         ; 70                 ; 70                 ;
; Auto Carry Chains                                                          ; On                 ; On                 ;
; Auto Open-Drain Pins                                                       ; On                 ; On                 ;
; Perform WYSIWYG Primitive Resynthesis                                      ; Off                ; Off                ;
; Auto ROM Replacement                                                       ; On                 ; On                 ;
; Auto RAM Replacement                                                       ; On                 ; On                 ;
; Auto Shift Register Replacement                                            ; Auto               ; Auto               ;
; Allow Shift Register Merging across Hierarchies                            ; Auto               ; Auto               ;
; Auto Clock Enable Replacement                                              ; On                 ; On                 ;
; Strict RAM Replacement                                                     ; Off                ; Off                ;
; Allow Synchronous Control Signals                                          ; On                 ; On                 ;
; Force Use of Synchronous Clear Signals                                     ; Off                ; Off                ;
; Auto RAM to Logic Cell Conversion                                          ; Off                ; Off                ;
; Auto Resource Sharing                                                      ; Off                ; Off                ;
; Allow Any RAM Size For Recognition                                         ; Off                ; Off                ;
; Allow Any ROM Size For Recognition                                         ; Off                ; Off                ;
; Allow Any Shift Register Size For Recognition                              ; Off                ; Off                ;
; Use LogicLock Constraints during Resource Balancing                        ; On                 ; On                 ;
; Ignore translate_off and synthesis_off directives                          ; Off                ; Off                ;
; Timing-Driven Synthesis                                                    ; Off                ; Off                ;
; Report Parameter Settings                                                  ; On                 ; On                 ;
; Report Source Assignments                                                  ; On                 ; On                 ;
; Report Connectivity Checks                                                 ; On                 ; On                 ;
; Ignore Maximum Fan-Out Assignments                                         ; Off                ; Off                ;
; Synchronization Register Chain Length                                      ; 2                  ; 2                  ;
; PowerPlay Power Optimization                                               ; Normal compilation ; Normal compilation ;
; HDL message level                                                          ; Level2             ; Level2             ;
; Suppress Register Optimization Related Messages                            ; Off                ; Off                ;
; Number of Removed Registers Reported in Synthesis Report                   ; 5000               ; 5000               ;
; Number of Inverted Registers Reported in Synthesis Report                  ; 100                ; 100                ;
; Clock MUX Protection                                                       ; On                 ; On                 ;
; Auto Gated Clock Conversion                                                ; Off                ; Off                ;
; Block Design Naming                                                        ; Auto               ; Auto               ;
; SDC constraint protection                                                  ; Off                ; Off                ;
; Synthesis Effort                                                           ; Auto               ; Auto               ;
; Shift Register Replacement - Allow Asynchronous Clear Signal               ; On                 ; On                 ;
; Analysis & Synthesis Message Level                                         ; Medium             ; Medium             ;
; Disable Register Merging Across Hierarchies                                ; Auto               ; Auto               ;
; Resource Aware Inference For Block RAM                                     ; On                 ; On                 ;
; Synthesis Seed                                                             ; 1                  ; 1                  ;
+----------------------------------------------------------------------------+--------------------+--------------------+


Parallel compilation was disabled, but you have multiple processors available. Enable parallel compilation to reduce compilation time.
+-------------------------------------+
; Parallel Compilation                ;
+----------------------------+--------+
; Processors                 ; Number ;
+----------------------------+--------+
; Number detected on machine ; 2      ;
; Maximum allowed            ; 1      ;
+----------------------------+--------+


+------------------------------------------------------------------------------------------------------------------------------------------+
; Analysis & Synthesis Source Files Read                                                                                                   ;
+----------------------------------+-----------------+-----------------+-------------------------------------------------------------------+
; File Name with User-Entered Path ; Used in Netlist ; File Type       ; File Name with Absolute Path                                      ;
+----------------------------------+-----------------+-----------------+-------------------------------------------------------------------+
; ../BUS/REG3.vhd                  ; yes             ; User VHDL File  ; C:/Users/Utente.000/Desktop/progetti SDI/BUS/REG3.vhd             ;
; ../BUS/REG_TX.vhd                ; yes             ; User VHDL File  ; C:/Users/Utente.000/Desktop/progetti SDI/BUS/REG_TX.vhd           ;
; ../BUS/REG_STATUS.vhd            ; yes             ; User VHDL File  ; C:/Users/Utente.000/Desktop/progetti SDI/BUS/REG_STATUS.vhd       ;
; ../BUS/REG_RX.vhd                ; yes             ; User VHDL File  ; C:/Users/Utente.000/Desktop/progetti SDI/BUS/REG_RX.vhd           ;
; ../BUS/REG_CONTROL.vhd           ; yes             ; User VHDL File  ; C:/Users/Utente.000/Desktop/progetti SDI/BUS/REG_CONTROL.vhd      ;
; ../BUS/MUX_OUT.vhd               ; yes             ; User VHDL File  ; C:/Users/Utente.000/Desktop/progetti SDI/BUS/MUX_OUT.vhd          ;
; ../BUS/FSM_bus.vhd               ; yes             ; User VHDL File  ; C:/Users/Utente.000/Desktop/progetti SDI/BUS/FSM_bus.vhd          ;
; ../BUS/BUS_INT.vhd               ; yes             ; User VHDL File  ; C:/Users/Utente.000/Desktop/progetti SDI/BUS/BUS_INT.vhd          ;
; ../BUS/ADD.vhd                   ; yes             ; User VHDL File  ; C:/Users/Utente.000/Desktop/progetti SDI/BUS/ADD.vhd              ;
; ../RX/VOTER.vhd                  ; yes             ; User VHDL File  ; C:/Users/Utente.000/Desktop/progetti SDI/RX/VOTER.vhd             ;
; ../RX/start_g.vhd                ; yes             ; User VHDL File  ; C:/Users/Utente.000/Desktop/progetti SDI/RX/start_g.vhd           ;
; ../RX/SHIFT_REGISTER.vhd         ; yes             ; User VHDL File  ; C:/Users/Utente.000/Desktop/progetti SDI/RX/SHIFT_REGISTER.vhd    ;
; ../RX/RX.vhd                     ; yes             ; User VHDL File  ; C:/Users/Utente.000/Desktop/progetti SDI/RX/RX.vhd                ;
; ../RX/REG.vhd                    ; yes             ; User VHDL File  ; C:/Users/Utente.000/Desktop/progetti SDI/RX/REG.vhd               ;
; ../RX/FSM_RX.vhd                 ; yes             ; User VHDL File  ; C:/Users/Utente.000/Desktop/progetti SDI/RX/FSM_RX.vhd            ;
; ../RX/Cnt_c.vhd                  ; yes             ; User VHDL File  ; C:/Users/Utente.000/Desktop/progetti SDI/RX/Cnt_c.vhd             ;
; ../RX/Cnt_0.vhd                  ; yes             ; User VHDL File  ; C:/Users/Utente.000/Desktop/progetti SDI/RX/Cnt_0.vhd             ;
; ../TX/tx.vhd                     ; yes             ; User VHDL File  ; C:/Users/Utente.000/Desktop/progetti SDI/TX/tx.vhd                ;
; ../TX/FSM_tx.vhd                 ; yes             ; User VHDL File  ; C:/Users/Utente.000/Desktop/progetti SDI/TX/FSM_tx.vhd            ;
; ../TX/FlipFlop.vhd               ; yes             ; User VHDL File  ; C:/Users/Utente.000/Desktop/progetti SDI/TX/FlipFlop.vhd          ;
; ../TX/Counter_tx.vhd             ; yes             ; User VHDL File  ; C:/Users/Utente.000/Desktop/progetti SDI/TX/Counter_tx.vhd        ;
; UART.vhd                         ; yes             ; User VHDL File  ; C:/Users/Utente.000/Desktop/progetti SDI/UART/UART.vhd            ;
; ../TX/shift_register_tx.vhd      ; yes             ; User VHDL File  ; C:/Users/Utente.000/Desktop/progetti SDI/TX/shift_register_tx.vhd ;
+----------------------------------+-----------------+-----------------+-------------------------------------------------------------------+


+-----------------------------------------------------+
; Analysis & Synthesis Resource Usage Summary         ;
+---------------------------------------------+-------+
; Resource                                    ; Usage ;
+---------------------------------------------+-------+
; Estimated Total logic elements              ; 210   ;
;                                             ;       ;
; Total combinational functions               ; 167   ;
; Logic element usage by number of LUT inputs ;       ;
;     -- 4 input functions                    ; 45    ;
;     -- 3 input functions                    ; 91    ;
;     -- <=2 input functions                  ; 31    ;
;                                             ;       ;
; Logic elements by mode                      ;       ;
;     -- normal mode                          ; 151   ;
;     -- arithmetic mode                      ; 16    ;
;                                             ;       ;
; Total registers                             ; 138   ;
;     -- Dedicated logic registers            ; 138   ;
;     -- I/O registers                        ; 0     ;
;                                             ;       ;
; I/O pins                                    ; 26    ;
; Maximum fan-out node                        ; CLK   ;
; Maximum fan-out                             ; 138   ;
; Total fan-out                               ; 895   ;
; Average fan-out                             ; 2.70  ;
+---------------------------------------------+-------+


+-----------------------------------------------------------------------------------------------------------------------------------------------------------------------------------------------------+
; Analysis & Synthesis Resource Utilization by Entity                                                                                                                                                 ;
+---------------------------------+-------------------+--------------+-------------+--------------+---------+-----------+------+--------------+----------------------------------------+--------------+
; Compilation Hierarchy Node      ; LC Combinationals ; LC Registers ; Memory Bits ; DSP Elements ; DSP 9x9 ; DSP 18x18 ; Pins ; Virtual Pins ; Full Hierarchy Name                    ; Library Name ;
+---------------------------------+-------------------+--------------+-------------+--------------+---------+-----------+------+--------------+----------------------------------------+--------------+
; |UART                           ; 167 (0)           ; 138 (0)      ; 0           ; 0            ; 0       ; 0         ; 26   ; 0            ; |UART                                  ;              ;
;    |BUS_INT:bus_i|              ; 40 (0)            ; 34 (0)       ; 0           ; 0            ; 0       ; 0         ; 0    ; 0            ; |UART|BUS_INT:bus_i                    ;              ;
;       |ADD:address_mux|         ; 1 (1)             ; 0 (0)        ; 0           ; 0            ; 0       ; 0         ; 0    ; 0            ; |UART|BUS_INT:bus_i|ADD:address_mux    ;              ;
;       |FSM_BUS:CU|              ; 26 (26)           ; 11 (11)      ; 0           ; 0            ; 0       ; 0         ; 0    ; 0            ; |UART|BUS_INT:bus_i|FSM_BUS:CU         ;              ;
;       |MUX_OUT:MUX|             ; 9 (9)             ; 0 (0)        ; 0           ; 0            ; 0       ; 0         ; 0    ; 0            ; |UART|BUS_INT:bus_i|MUX_OUT:MUX        ;              ;
;       |REG3:REG|                ; 0 (0)             ; 2 (2)        ; 0           ; 0            ; 0       ; 0         ; 0    ; 0            ; |UART|BUS_INT:bus_i|REG3:REG           ;              ;
;       |REG_CONTROL:R_C|         ; 1 (1)             ; 3 (3)        ; 0           ; 0            ; 0       ; 0         ; 0    ; 0            ; |UART|BUS_INT:bus_i|REG_CONTROL:R_C    ;              ;
;       |REG_RX:R_RX|             ; 1 (1)             ; 8 (8)        ; 0           ; 0            ; 0       ; 0         ; 0    ; 0            ; |UART|BUS_INT:bus_i|REG_RX:R_RX        ;              ;
;       |REG_STATUS:R_S|          ; 1 (1)             ; 2 (2)        ; 0           ; 0            ; 0       ; 0         ; 0    ; 0            ; |UART|BUS_INT:bus_i|REG_STATUS:R_S     ;              ;
;       |REG_TX:R_TX|             ; 1 (1)             ; 8 (8)        ; 0           ; 0            ; 0       ; 0         ; 0    ; 0            ; |UART|BUS_INT:bus_i|REG_TX:R_TX        ;              ;
;    |RX:rix|                     ; 70 (0)            ; 62 (0)       ; 0           ; 0            ; 0       ; 0         ; 0    ; 0            ; |UART|RX:rix                           ;              ;
;       |Cnt_0:counter_0|         ; 10 (10)           ; 8 (8)        ; 0           ; 0            ; 0       ; 0         ; 0    ; 0            ; |UART|RX:rix|Cnt_0:counter_0           ;              ;
;       |Cnt_c:counter_c|         ; 15 (15)           ; 10 (10)      ; 0           ; 0            ; 0       ; 0         ; 0    ; 0            ; |UART|RX:rix|Cnt_c:counter_c           ;              ;
;       |FSM_RX:CU|               ; 41 (41)           ; 24 (24)      ; 0           ; 0            ; 0       ; 0         ; 0    ; 0            ; |UART|RX:rix|FSM_RX:CU                 ;              ;
;       |REG:regA0|               ; 0 (0)             ; 1 (1)        ; 0           ; 0            ; 0       ; 0         ; 0    ; 0            ; |UART|RX:rix|REG:regA0                 ;              ;
;       |REG:regA1|               ; 0 (0)             ; 1 (1)        ; 0           ; 0            ; 0       ; 0         ; 0    ; 0            ; |UART|RX:rix|REG:regA1                 ;              ;
;       |REG:regA2|               ; 0 (0)             ; 1 (1)        ; 0           ; 0            ; 0       ; 0         ; 0    ; 0            ; |UART|RX:rix|REG:regA2                 ;              ;
;       |REG:regVot|              ; 2 (2)             ; 1 (1)        ; 0           ; 0            ; 0       ; 0         ; 0    ; 0            ; |UART|RX:rix|REG:regVot                ;              ;
;       |shift_register:SHC|      ; 0 (0)             ; 8 (8)        ; 0           ; 0            ; 0       ; 0         ; 0    ; 0            ; |UART|RX:rix|shift_register:SHC        ;              ;
;       |shift_register:SHPIN|    ; 0 (0)             ; 8 (8)        ; 0           ; 0            ; 0       ; 0         ; 0    ; 0            ; |UART|RX:rix|shift_register:SHPIN      ;              ;
;       |start_g:strt|            ; 2 (2)             ; 0 (0)        ; 0           ; 0            ; 0       ; 0         ; 0    ; 0            ; |UART|RX:rix|start_g:strt              ;              ;
;    |tx:trasm|                   ; 57 (0)            ; 42 (0)       ; 0           ; 0            ; 0       ; 0         ; 0    ; 0            ; |UART|tx:trasm                         ;              ;
;       |Counter_tx:CNT|          ; 12 (12)           ; 9 (9)        ; 0           ; 0            ; 0       ; 0         ; 0    ; 0            ; |UART|tx:trasm|Counter_tx:CNT          ;              ;
;       |FSM_tx:CU|               ; 34 (34)           ; 22 (22)      ; 0           ; 0            ; 0       ; 0         ; 0    ; 0            ; |UART|tx:trasm|FSM_tx:CU               ;              ;
;       |FlipFlop:FF|             ; 0 (0)             ; 1 (1)        ; 0           ; 0            ; 0       ; 0         ; 0    ; 0            ; |UART|tx:trasm|FlipFlop:FF             ;              ;
;       |shift_register_tx:S_REG| ; 11 (11)           ; 10 (10)      ; 0           ; 0            ; 0       ; 0         ; 0    ; 0            ; |UART|tx:trasm|shift_register_tx:S_REG ;              ;
+---------------------------------+-------------------+--------------+-------------+--------------+---------+-----------+------+--------------+----------------------------------------+--------------+
Note: For table entries with two numbers listed, the numbers in parentheses indicate the number of resources of the given type used by the specific entity alone. The numbers listed outside of parentheses indicate the total resources of the given type used by the specific entity and all of its sub-entities in the hierarchy.


Encoding Type:  One-Hot
+------------------------------------------------------------------------------------------------------------------------------------------------------------------------+
; State Machine - |UART|BUS_INT:bus_i|FSM_BUS:CU|PS                                                                                                                      ;
+-------------------+-----------+-----------+-------------------+------------+-------------+---------+-------------+-------------+-------------+------------+------------+
; Name              ; PS.ATN_ST ; PS.MUX_ST ; PS.RESET_CTRL_REG ; PS.FULL_RX ; PS.EMPTY_TX ; PS.BUSY ; PS.EN_TX_ST ; PS.EN_RX_ST ; PS.WRITE_ST ; PS.READ_ST ; PS.WAIT_ST ;
+-------------------+-----------+-----------+-------------------+------------+-------------+---------+-------------+-------------+-------------+------------+------------+
; PS.WAIT_ST        ; 0         ; 0         ; 0                 ; 0          ; 0           ; 0       ; 0           ; 0           ; 0           ; 0          ; 0          ;
; PS.READ_ST        ; 0         ; 0         ; 0                 ; 0          ; 0           ; 0       ; 0           ; 0           ; 0           ; 1          ; 1          ;
; PS.WRITE_ST       ; 0         ; 0         ; 0                 ; 0          ; 0           ; 0       ; 0           ; 0           ; 1           ; 0          ; 1          ;
; PS.EN_RX_ST       ; 0         ; 0         ; 0                 ; 0          ; 0           ; 0       ; 0           ; 1           ; 0           ; 0          ; 1          ;
; PS.EN_TX_ST       ; 0         ; 0         ; 0                 ; 0          ; 0           ; 0       ; 1           ; 0           ; 0           ; 0          ; 1          ;
; PS.BUSY           ; 0         ; 0         ; 0                 ; 0          ; 0           ; 1       ; 0           ; 0           ; 0           ; 0          ; 1          ;
; PS.EMPTY_TX       ; 0         ; 0         ; 0                 ; 0          ; 1           ; 0       ; 0           ; 0           ; 0           ; 0          ; 1          ;
; PS.FULL_RX        ; 0         ; 0         ; 0                 ; 1          ; 0           ; 0       ; 0           ; 0           ; 0           ; 0          ; 1          ;
; PS.RESET_CTRL_REG ; 0         ; 0         ; 1                 ; 0          ; 0           ; 0       ; 0           ; 0           ; 0           ; 0          ; 1          ;
; PS.MUX_ST         ; 0         ; 1         ; 0                 ; 0          ; 0           ; 0       ; 0           ; 0           ; 0           ; 0          ; 1          ;
; PS.ATN_ST         ; 1         ; 0         ; 0                 ; 0          ; 0           ; 0       ; 0           ; 0           ; 0           ; 0          ; 1          ;
+-------------------+-----------+-----------+-------------------+------------+-------------+---------+-------------+-------------+-------------+------------+------------+


Encoding Type:  One-Hot
+--------------------------------------------------------------------------------------------------------------------------------------------------------------------------------------------------------------------------------------------------------------+
; State Machine - |UART|RX:rix|FSM_RX:CU|PS                                                                                                                                                                                                                    ;
+-------------+---------+------------+------------+-------+---------+----------+----------+-------+----------+-------+----------+-------+----------+-------+----------+-------+----------+-------+----------+-------+----------+-------------+-------+---------+
; Name        ; PS.IDLE ; PS.DONE_ST ; PS.WAIT_ST ; PS.LP ; PS.VOTE ; PS.REG_A ; PS.SH_C7 ; PS.C6 ; PS.SH_C6 ; PS.C5 ; PS.SH_C5 ; PS.C4 ; PS.SH_C4 ; PS.C3 ; PS.SH_C3 ; PS.C2 ; PS.SH_C2 ; PS.C1 ; PS.SH_C1 ; PS.C0 ; PS.SH_C0 ; PS.START_ST ; PS.NC ; PS.SH_X ;
+-------------+---------+------------+------------+-------+---------+----------+----------+-------+----------+-------+----------+-------+----------+-------+----------+-------+----------+-------+----------+-------+----------+-------------+-------+---------+
; PS.SH_X     ; 0       ; 0          ; 0          ; 0     ; 0       ; 0        ; 0        ; 0     ; 0        ; 0     ; 0        ; 0     ; 0        ; 0     ; 0        ; 0     ; 0        ; 0     ; 0        ; 0     ; 0        ; 0           ; 0     ; 0       ;
; PS.NC       ; 0       ; 0          ; 0          ; 0     ; 0       ; 0        ; 0        ; 0     ; 0        ; 0     ; 0        ; 0     ; 0        ; 0     ; 0        ; 0     ; 0        ; 0     ; 0        ; 0     ; 0        ; 0           ; 1     ; 1       ;
; PS.START_ST ; 0       ; 0          ; 0          ; 0     ; 0       ; 0        ; 0        ; 0     ; 0        ; 0     ; 0        ; 0     ; 0        ; 0     ; 0        ; 0     ; 0        ; 0     ; 0        ; 0     ; 0        ; 1           ; 0     ; 1       ;
; PS.SH_C0    ; 0       ; 0          ; 0          ; 0     ; 0       ; 0        ; 0        ; 0     ; 0        ; 0     ; 0        ; 0     ; 0        ; 0     ; 0        ; 0     ; 0        ; 0     ; 0        ; 0     ; 1        ; 0           ; 0     ; 1       ;
; PS.C0       ; 0       ; 0          ; 0          ; 0     ; 0       ; 0        ; 0        ; 0     ; 0        ; 0     ; 0        ; 0     ; 0        ; 0     ; 0        ; 0     ; 0        ; 0     ; 0        ; 1     ; 0        ; 0           ; 0     ; 1       ;
; PS.SH_C1    ; 0       ; 0          ; 0          ; 0     ; 0       ; 0        ; 0        ; 0     ; 0        ; 0     ; 0        ; 0     ; 0        ; 0     ; 0        ; 0     ; 0        ; 0     ; 1        ; 0     ; 0        ; 0           ; 0     ; 1       ;
; PS.C1       ; 0       ; 0          ; 0          ; 0     ; 0       ; 0        ; 0        ; 0     ; 0        ; 0     ; 0        ; 0     ; 0        ; 0     ; 0        ; 0     ; 0        ; 1     ; 0        ; 0     ; 0        ; 0           ; 0     ; 1       ;
; PS.SH_C2    ; 0       ; 0          ; 0          ; 0     ; 0       ; 0        ; 0        ; 0     ; 0        ; 0     ; 0        ; 0     ; 0        ; 0     ; 0        ; 0     ; 1        ; 0     ; 0        ; 0     ; 0        ; 0           ; 0     ; 1       ;
; PS.C2       ; 0       ; 0          ; 0          ; 0     ; 0       ; 0        ; 0        ; 0     ; 0        ; 0     ; 0        ; 0     ; 0        ; 0     ; 0        ; 1     ; 0        ; 0     ; 0        ; 0     ; 0        ; 0           ; 0     ; 1       ;
; PS.SH_C3    ; 0       ; 0          ; 0          ; 0     ; 0       ; 0        ; 0        ; 0     ; 0        ; 0     ; 0        ; 0     ; 0        ; 0     ; 1        ; 0     ; 0        ; 0     ; 0        ; 0     ; 0        ; 0           ; 0     ; 1       ;
; PS.C3       ; 0       ; 0          ; 0          ; 0     ; 0       ; 0        ; 0        ; 0     ; 0        ; 0     ; 0        ; 0     ; 0        ; 1     ; 0        ; 0     ; 0        ; 0     ; 0        ; 0     ; 0        ; 0           ; 0     ; 1       ;
; PS.SH_C4    ; 0       ; 0          ; 0          ; 0     ; 0       ; 0        ; 0        ; 0     ; 0        ; 0     ; 0        ; 0     ; 1        ; 0     ; 0        ; 0     ; 0        ; 0     ; 0        ; 0     ; 0        ; 0           ; 0     ; 1       ;
; PS.C4       ; 0       ; 0          ; 0          ; 0     ; 0       ; 0        ; 0        ; 0     ; 0        ; 0     ; 0        ; 1     ; 0        ; 0     ; 0        ; 0     ; 0        ; 0     ; 0        ; 0     ; 0        ; 0           ; 0     ; 1       ;
; PS.SH_C5    ; 0       ; 0          ; 0          ; 0     ; 0       ; 0        ; 0        ; 0     ; 0        ; 0     ; 1        ; 0     ; 0        ; 0     ; 0        ; 0     ; 0        ; 0     ; 0        ; 0     ; 0        ; 0           ; 0     ; 1       ;
; PS.C5       ; 0       ; 0          ; 0          ; 0     ; 0       ; 0        ; 0        ; 0     ; 0        ; 1     ; 0        ; 0     ; 0        ; 0     ; 0        ; 0     ; 0        ; 0     ; 0        ; 0     ; 0        ; 0           ; 0     ; 1       ;
; PS.SH_C6    ; 0       ; 0          ; 0          ; 0     ; 0       ; 0        ; 0        ; 0     ; 1        ; 0     ; 0        ; 0     ; 0        ; 0     ; 0        ; 0     ; 0        ; 0     ; 0        ; 0     ; 0        ; 0           ; 0     ; 1       ;
; PS.C6       ; 0       ; 0          ; 0          ; 0     ; 0       ; 0        ; 0        ; 1     ; 0        ; 0     ; 0        ; 0     ; 0        ; 0     ; 0        ; 0     ; 0        ; 0     ; 0        ; 0     ; 0        ; 0           ; 0     ; 1       ;
; PS.SH_C7    ; 0       ; 0          ; 0          ; 0     ; 0       ; 0        ; 1        ; 0     ; 0        ; 0     ; 0        ; 0     ; 0        ; 0     ; 0        ; 0     ; 0        ; 0     ; 0        ; 0     ; 0        ; 0           ; 0     ; 1       ;
; PS.REG_A    ; 0       ; 0          ; 0          ; 0     ; 0       ; 1        ; 0        ; 0     ; 0        ; 0     ; 0        ; 0     ; 0        ; 0     ; 0        ; 0     ; 0        ; 0     ; 0        ; 0     ; 0        ; 0           ; 0     ; 1       ;
; PS.VOTE     ; 0       ; 0          ; 0          ; 0     ; 1       ; 0        ; 0        ; 0     ; 0        ; 0     ; 0        ; 0     ; 0        ; 0     ; 0        ; 0     ; 0        ; 0     ; 0        ; 0     ; 0        ; 0           ; 0     ; 1       ;
; PS.LP       ; 0       ; 0          ; 0          ; 1     ; 0       ; 0        ; 0        ; 0     ; 0        ; 0     ; 0        ; 0     ; 0        ; 0     ; 0        ; 0     ; 0        ; 0     ; 0        ; 0     ; 0        ; 0           ; 0     ; 1       ;
; PS.WAIT_ST  ; 0       ; 0          ; 1          ; 0     ; 0       ; 0        ; 0        ; 0     ; 0        ; 0     ; 0        ; 0     ; 0        ; 0     ; 0        ; 0     ; 0        ; 0     ; 0        ; 0     ; 0        ; 0           ; 0     ; 1       ;
; PS.DONE_ST  ; 0       ; 1          ; 0          ; 0     ; 0       ; 0        ; 0        ; 0     ; 0        ; 0     ; 0        ; 0     ; 0        ; 0     ; 0        ; 0     ; 0        ; 0     ; 0        ; 0     ; 0        ; 0           ; 0     ; 1       ;
; PS.IDLE     ; 1       ; 0          ; 0          ; 0     ; 0       ; 0        ; 0        ; 0     ; 0        ; 0     ; 0        ; 0     ; 0        ; 0     ; 0        ; 0     ; 0        ; 0     ; 0        ; 0     ; 0        ; 0           ; 0     ; 1       ;
+-------------+---------+------------+------------+-------+---------+----------+----------+-------+----------+-------+----------+-------+----------+-------+----------+-------+----------+-------+----------+-------+----------+-------------+-------+---------+


Encoding Type:  One-Hot
+-----------------------------------------------------------------------------------------------------------------------------------------------------------------------------------------------------------------------------+
; State Machine - |UART|tx:trasm|FSM_tx:CU|PS                                                                                                                                                                                 ;
+---------------+---------------+-------+-------+-------+-------+-------+-------+-------+-------+---------+------------+--------+--------+--------+--------+--------+--------+--------+--------+----------+---------+---------+
; Name          ; PS.DONE_STATE ; PS.D7 ; PS.D6 ; PS.D5 ; PS.D4 ; PS.D3 ; PS.D2 ; PS.D1 ; PS.D0 ; PS.STOP ; PS.SH_STOP ; PS.SH7 ; PS.SH6 ; PS.SH5 ; PS.SH4 ; PS.SH3 ; PS.SH2 ; PS.SH1 ; PS.SH0 ; PS.START ; PS.LOAD ; PS.IDLE ;
+---------------+---------------+-------+-------+-------+-------+-------+-------+-------+-------+---------+------------+--------+--------+--------+--------+--------+--------+--------+--------+----------+---------+---------+
; PS.IDLE       ; 0             ; 0     ; 0     ; 0     ; 0     ; 0     ; 0     ; 0     ; 0     ; 0       ; 0          ; 0      ; 0      ; 0      ; 0      ; 0      ; 0      ; 0      ; 0      ; 0        ; 0       ; 0       ;
; PS.LOAD       ; 0             ; 0     ; 0     ; 0     ; 0     ; 0     ; 0     ; 0     ; 0     ; 0       ; 0          ; 0      ; 0      ; 0      ; 0      ; 0      ; 0      ; 0      ; 0      ; 0        ; 1       ; 1       ;
; PS.START      ; 0             ; 0     ; 0     ; 0     ; 0     ; 0     ; 0     ; 0     ; 0     ; 0       ; 0          ; 0      ; 0      ; 0      ; 0      ; 0      ; 0      ; 0      ; 0      ; 1        ; 0       ; 1       ;
; PS.SH0        ; 0             ; 0     ; 0     ; 0     ; 0     ; 0     ; 0     ; 0     ; 0     ; 0       ; 0          ; 0      ; 0      ; 0      ; 0      ; 0      ; 0      ; 0      ; 1      ; 0        ; 0       ; 1       ;
; PS.SH1        ; 0             ; 0     ; 0     ; 0     ; 0     ; 0     ; 0     ; 0     ; 0     ; 0       ; 0          ; 0      ; 0      ; 0      ; 0      ; 0      ; 0      ; 1      ; 0      ; 0        ; 0       ; 1       ;
; PS.SH2        ; 0             ; 0     ; 0     ; 0     ; 0     ; 0     ; 0     ; 0     ; 0     ; 0       ; 0          ; 0      ; 0      ; 0      ; 0      ; 0      ; 1      ; 0      ; 0      ; 0        ; 0       ; 1       ;
; PS.SH3        ; 0             ; 0     ; 0     ; 0     ; 0     ; 0     ; 0     ; 0     ; 0     ; 0       ; 0          ; 0      ; 0      ; 0      ; 0      ; 1      ; 0      ; 0      ; 0      ; 0        ; 0       ; 1       ;
; PS.SH4        ; 0             ; 0     ; 0     ; 0     ; 0     ; 0     ; 0     ; 0     ; 0     ; 0       ; 0          ; 0      ; 0      ; 0      ; 1      ; 0      ; 0      ; 0      ; 0      ; 0        ; 0       ; 1       ;
; PS.SH5        ; 0             ; 0     ; 0     ; 0     ; 0     ; 0     ; 0     ; 0     ; 0     ; 0       ; 0          ; 0      ; 0      ; 1      ; 0      ; 0      ; 0      ; 0      ; 0      ; 0        ; 0       ; 1       ;
; PS.SH6        ; 0             ; 0     ; 0     ; 0     ; 0     ; 0     ; 0     ; 0     ; 0     ; 0       ; 0          ; 0      ; 1      ; 0      ; 0      ; 0      ; 0      ; 0      ; 0      ; 0        ; 0       ; 1       ;
; PS.SH7        ; 0             ; 0     ; 0     ; 0     ; 0     ; 0     ; 0     ; 0     ; 0     ; 0       ; 0          ; 1      ; 0      ; 0      ; 0      ; 0      ; 0      ; 0      ; 0      ; 0        ; 0       ; 1       ;
; PS.SH_STOP    ; 0             ; 0     ; 0     ; 0     ; 0     ; 0     ; 0     ; 0     ; 0     ; 0       ; 1          ; 0      ; 0      ; 0      ; 0      ; 0      ; 0      ; 0      ; 0      ; 0        ; 0       ; 1       ;
; PS.STOP       ; 0             ; 0     ; 0     ; 0     ; 0     ; 0     ; 0     ; 0     ; 0     ; 1       ; 0          ; 0      ; 0      ; 0      ; 0      ; 0      ; 0      ; 0      ; 0      ; 0        ; 0       ; 1       ;
; PS.D0         ; 0             ; 0     ; 0     ; 0     ; 0     ; 0     ; 0     ; 0     ; 1     ; 0       ; 0          ; 0      ; 0      ; 0      ; 0      ; 0      ; 0      ; 0      ; 0      ; 0        ; 0       ; 1       ;
; PS.D1         ; 0             ; 0     ; 0     ; 0     ; 0     ; 0     ; 0     ; 1     ; 0     ; 0       ; 0          ; 0      ; 0      ; 0      ; 0      ; 0      ; 0      ; 0      ; 0      ; 0        ; 0       ; 1       ;
; PS.D2         ; 0             ; 0     ; 0     ; 0     ; 0     ; 0     ; 1     ; 0     ; 0     ; 0       ; 0          ; 0      ; 0      ; 0      ; 0      ; 0      ; 0      ; 0      ; 0      ; 0        ; 0       ; 1       ;
; PS.D3         ; 0             ; 0     ; 0     ; 0     ; 0     ; 1     ; 0     ; 0     ; 0     ; 0       ; 0          ; 0      ; 0      ; 0      ; 0      ; 0      ; 0      ; 0      ; 0      ; 0        ; 0       ; 1       ;
; PS.D4         ; 0             ; 0     ; 0     ; 0     ; 1     ; 0     ; 0     ; 0     ; 0     ; 0       ; 0          ; 0      ; 0      ; 0      ; 0      ; 0      ; 0      ; 0      ; 0      ; 0        ; 0       ; 1       ;
; PS.D5         ; 0             ; 0     ; 0     ; 1     ; 0     ; 0     ; 0     ; 0     ; 0     ; 0       ; 0          ; 0      ; 0      ; 0      ; 0      ; 0      ; 0      ; 0      ; 0      ; 0        ; 0       ; 1       ;
; PS.D6         ; 0             ; 0     ; 1     ; 0     ; 0     ; 0     ; 0     ; 0     ; 0     ; 0       ; 0          ; 0      ; 0      ; 0      ; 0      ; 0      ; 0      ; 0      ; 0      ; 0        ; 0       ; 1       ;
; PS.D7         ; 0             ; 1     ; 0     ; 0     ; 0     ; 0     ; 0     ; 0     ; 0     ; 0       ; 0          ; 0      ; 0      ; 0      ; 0      ; 0      ; 0      ; 0      ; 0      ; 0        ; 0       ; 1       ;
; PS.DONE_STATE ; 1             ; 0     ; 0     ; 0     ; 0     ; 0     ; 0     ; 0     ; 0     ; 0       ; 0          ; 0      ; 0      ; 0      ; 0      ; 0      ; 0      ; 0      ; 0      ; 0        ; 0       ; 1       ;
+---------------+---------------+-------+-------+-------+-------+-------+-------+-------+-------+---------+------------+--------+--------+--------+--------+--------+--------+--------+--------+----------+---------+---------+


+-------------------------------------------------------------------------------------------------------------------+
; User-Specified and Inferred Latches                                                                               ;
+-----------------------------------------------------+------------------------------------+------------------------+
; Latch Name                                          ; Latch Enable Signal                ; Free of Timing Hazards ;
+-----------------------------------------------------+------------------------------------+------------------------+
; BUS_INT:bus_i|FSM_BUS:CU|NS.ATN_ST_280              ; BUS_INT:bus_i|FSM_BUS:CU|Selector1 ; yes                    ;
; BUS_INT:bus_i|FSM_BUS:CU|NS.MUX_ST_299              ; BUS_INT:bus_i|FSM_BUS:CU|Selector1 ; yes                    ;
; BUS_INT:bus_i|FSM_BUS:CU|NS.READ_ST_451             ; BUS_INT:bus_i|FSM_BUS:CU|Selector1 ; yes                    ;
; BUS_INT:bus_i|FSM_BUS:CU|NS.WRITE_ST_432            ; BUS_INT:bus_i|FSM_BUS:CU|Selector1 ; yes                    ;
; tx:trasm|FSM_tx:CU|NS.SH0_905                       ; tx:trasm|FSM_tx:CU|Selector23      ; yes                    ;
; tx:trasm|FSM_tx:CU|NS.SH1_886                       ; tx:trasm|FSM_tx:CU|Selector23      ; yes                    ;
; tx:trasm|FSM_tx:CU|NS.SH2_867                       ; tx:trasm|FSM_tx:CU|Selector23      ; yes                    ;
; tx:trasm|FSM_tx:CU|NS.SH3_848                       ; tx:trasm|FSM_tx:CU|Selector23      ; yes                    ;
; tx:trasm|FSM_tx:CU|NS.SH4_829                       ; tx:trasm|FSM_tx:CU|Selector23      ; yes                    ;
; tx:trasm|FSM_tx:CU|NS.SH5_810                       ; tx:trasm|FSM_tx:CU|Selector23      ; yes                    ;
; tx:trasm|FSM_tx:CU|NS.SH6_791                       ; tx:trasm|FSM_tx:CU|Selector23      ; yes                    ;
; tx:trasm|FSM_tx:CU|NS.SH7_772                       ; tx:trasm|FSM_tx:CU|Selector23      ; yes                    ;
; tx:trasm|FSM_tx:CU|NS.SH_STOP_753                   ; tx:trasm|FSM_tx:CU|Selector23      ; yes                    ;
; tx:trasm|FSM_tx:CU|NS.LOAD_943                      ; tx:trasm|FSM_tx:CU|Selector23      ; yes                    ;
; BUS_INT:bus_i|FSM_BUS:CU|NS.RESET_CTRL_REG_318      ; BUS_INT:bus_i|FSM_BUS:CU|Selector1 ; yes                    ;
; BUS_INT:bus_i|FSM_BUS:CU|NS.BUSY_375                ; BUS_INT:bus_i|FSM_BUS:CU|Selector1 ; yes                    ;
; RX:rix|FSM_RX:CU|NS.DONE_ST_744                     ; RX:rix|FSM_RX:CU|Selector1         ; yes                    ;
; tx:trasm|FSM_tx:CU|NS.DONE_STATE_563                ; tx:trasm|FSM_tx:CU|Selector23      ; yes                    ;
; BUS_INT:bus_i|FSM_BUS:CU|NS.WAIT_ST_470             ; BUS_INT:bus_i|FSM_BUS:CU|Selector1 ; yes                    ;
; BUS_INT:bus_i|FSM_BUS:CU|NS.EMPTY_TX_356            ; BUS_INT:bus_i|FSM_BUS:CU|Selector1 ; yes                    ;
; BUS_INT:bus_i|FSM_BUS:CU|NS.FULL_RX_337             ; BUS_INT:bus_i|FSM_BUS:CU|Selector1 ; yes                    ;
; RX:rix|FSM_RX:CU|NS.LP_782                          ; RX:rix|FSM_RX:CU|Selector1         ; yes                    ;
; RX:rix|FSM_RX:CU|NS.VOTE_801                        ; RX:rix|FSM_RX:CU|Selector1         ; yes                    ;
; tx:trasm|FSM_tx:CU|NS.START_924                     ; tx:trasm|FSM_tx:CU|Selector23      ; yes                    ;
; tx:trasm|FSM_tx:CU|NS.STOP_734                      ; tx:trasm|FSM_tx:CU|Selector23      ; yes                    ;
; tx:trasm|FSM_tx:CU|NS.D7_582                        ; tx:trasm|FSM_tx:CU|Selector23      ; yes                    ;
; tx:trasm|FSM_tx:CU|NS.D6_601                        ; tx:trasm|FSM_tx:CU|Selector23      ; yes                    ;
; tx:trasm|FSM_tx:CU|NS.D5_620                        ; tx:trasm|FSM_tx:CU|Selector23      ; yes                    ;
; tx:trasm|FSM_tx:CU|NS.D4_639                        ; tx:trasm|FSM_tx:CU|Selector23      ; yes                    ;
; tx:trasm|FSM_tx:CU|NS.D3_658                        ; tx:trasm|FSM_tx:CU|Selector23      ; yes                    ;
; tx:trasm|FSM_tx:CU|NS.D2_677                        ; tx:trasm|FSM_tx:CU|Selector23      ; yes                    ;
; tx:trasm|FSM_tx:CU|NS.D1_696                        ; tx:trasm|FSM_tx:CU|Selector23      ; yes                    ;
; tx:trasm|FSM_tx:CU|NS.D0_715                        ; tx:trasm|FSM_tx:CU|Selector23      ; yes                    ;
; BUS_INT:bus_i|FSM_BUS:CU|NS.EN_TX_ST_394            ; BUS_INT:bus_i|FSM_BUS:CU|Selector1 ; yes                    ;
; tx:trasm|FSM_tx:CU|NS.IDLE_962                      ; tx:trasm|FSM_tx:CU|Selector23      ; yes                    ;
; BUS_INT:bus_i|FSM_BUS:CU|NS.EN_RX_ST_413            ; BUS_INT:bus_i|FSM_BUS:CU|Selector1 ; yes                    ;
; RX:rix|FSM_RX:CU|NS.IDLE_725                        ; RX:rix|FSM_RX:CU|Selector1         ; yes                    ;
; RX:rix|FSM_RX:CU|NS.WAIT_ST_763                     ; RX:rix|FSM_RX:CU|Selector1         ; yes                    ;
; RX:rix|FSM_RX:CU|NS.C6_858                          ; RX:rix|FSM_RX:CU|Selector1         ; yes                    ;
; RX:rix|FSM_RX:CU|NS.C5_896                          ; RX:rix|FSM_RX:CU|Selector1         ; yes                    ;
; RX:rix|FSM_RX:CU|NS.C4_934                          ; RX:rix|FSM_RX:CU|Selector1         ; yes                    ;
; RX:rix|FSM_RX:CU|NS.C3_972                          ; RX:rix|FSM_RX:CU|Selector1         ; yes                    ;
; RX:rix|FSM_RX:CU|NS.C2_1010                         ; RX:rix|FSM_RX:CU|Selector1         ; yes                    ;
; RX:rix|FSM_RX:CU|NS.C1_1048                         ; RX:rix|FSM_RX:CU|Selector1         ; yes                    ;
; RX:rix|FSM_RX:CU|NS.C0_1086                         ; RX:rix|FSM_RX:CU|Selector1         ; yes                    ;
; RX:rix|FSM_RX:CU|NS.START_ST_1124                   ; RX:rix|FSM_RX:CU|Selector1         ; yes                    ;
; RX:rix|FSM_RX:CU|NS.NC_1143                         ; RX:rix|FSM_RX:CU|Selector1         ; yes                    ;
; RX:rix|FSM_RX:CU|NS.REG_A_820                       ; RX:rix|FSM_RX:CU|Selector1         ; yes                    ;
; RX:rix|FSM_RX:CU|NS.SH_X_1162                       ; RX:rix|FSM_RX:CU|Selector1         ; yes                    ;
; RX:rix|FSM_RX:CU|NS.SH_C0_1105                      ; RX:rix|FSM_RX:CU|Selector1         ; yes                    ;
; RX:rix|FSM_RX:CU|NS.SH_C1_1067                      ; RX:rix|FSM_RX:CU|Selector1         ; yes                    ;
; RX:rix|FSM_RX:CU|NS.SH_C2_1029                      ; RX:rix|FSM_RX:CU|Selector1         ; yes                    ;
; RX:rix|FSM_RX:CU|NS.SH_C3_991                       ; RX:rix|FSM_RX:CU|Selector1         ; yes                    ;
; RX:rix|FSM_RX:CU|NS.SH_C4_953                       ; RX:rix|FSM_RX:CU|Selector1         ; yes                    ;
; RX:rix|FSM_RX:CU|NS.SH_C5_915                       ; RX:rix|FSM_RX:CU|Selector1         ; yes                    ;
; RX:rix|FSM_RX:CU|NS.SH_C6_877                       ; RX:rix|FSM_RX:CU|Selector1         ; yes                    ;
; RX:rix|FSM_RX:CU|NS.SH_C7_839                       ; RX:rix|FSM_RX:CU|Selector1         ; yes                    ;
; Number of user-specified and inferred latches = 57  ;                                    ;                        ;
+-----------------------------------------------------+------------------------------------+------------------------+
Note: All latches listed above may not be present at the end of synthesis due to various synthesis optimizations.


+--------------------------------------------------------------------------------+
; Registers Removed During Synthesis                                             ;
+---------------------------------------+----------------------------------------+
; Register name                         ; Reason for Removal                     ;
+---------------------------------------+----------------------------------------+
; BUS_INT:bus_i|REG3:REG|Q[2]           ; Stuck at GND due to stuck port data_in ;
; BUS_INT:bus_i|REG_STATUS:R_S|Q[2]     ; Stuck at GND due to stuck port data_in ;
; Total Number of Removed Registers = 2 ;                                        ;
+---------------------------------------+----------------------------------------+


+--------------------------------------------------------------------------------------------------+
; Removed Registers Triggering Further Register Optimizations                                      ;
+-----------------------------+---------------------------+----------------------------------------+
; Register name               ; Reason for Removal        ; Registers Removed due to This Register ;
+-----------------------------+---------------------------+----------------------------------------+
; BUS_INT:bus_i|REG3:REG|Q[2] ; Stuck at GND              ; BUS_INT:bus_i|REG_STATUS:R_S|Q[2]      ;
;                             ; due to stuck port data_in ;                                        ;
+-----------------------------+---------------------------+----------------------------------------+


+------------------------------------------------------+
; General Register Statistics                          ;
+----------------------------------------------+-------+
; Statistic                                    ; Value ;
+----------------------------------------------+-------+
; Total registers                              ; 138   ;
; Number of registers using Synchronous Clear  ; 0     ;
; Number of registers using Synchronous Load   ; 0     ;
; Number of registers using Asynchronous Clear ; 30    ;
; Number of registers using Asynchronous Load  ; 0     ;
; Number of registers using Clock Enable       ; 71    ;
; Number of registers using Preset             ; 0     ;
+----------------------------------------------+-------+


+----------------------------------------------------------------------------------------------------------------------------------------------------------------------------+
; Multiplexer Restructuring Statistics (Restructuring Performed)                                                                                                             ;
+--------------------+-----------+---------------+----------------------+------------------------+----------------------------------------------+----------------------------+
; Multiplexer Inputs ; Bus Width ; Baseline Area ; Area if Restructured ; Saving if Restructured ; Registered                                   ; Example Multiplexer Output ;
+--------------------+-----------+---------------+----------------------+------------------------+----------------------------------------------+----------------------------+
; 3:1                ; 8 bits    ; 16 LEs        ; 8 LEs                ; 8 LEs                  ; |UART|tx:trasm|shift_register_tx:S_REG|SD[4] ;                            ;
; 3:1                ; 2 bits    ; 4 LEs         ; 2 LEs                ; 2 LEs                  ; |UART|BUS_INT:bus_i|FSM_BUS:CU|NS.READ_ST    ;                            ;
; 8:1                ; 2 bits    ; 10 LEs        ; 4 LEs                ; 6 LEs                  ; |UART|BUS_INT:bus_i|MUX_OUT:MUX|Mux6         ;                            ;
+--------------------+-----------+---------------+----------------------+------------------------+----------------------------------------------+----------------------------+


+-------------------------------+
; Elapsed Time Per Partition    ;
+----------------+--------------+
; Partition Name ; Elapsed Time ;
+----------------+--------------+
; Top            ; 00:00:01     ;
+----------------+--------------+


+-------------------------------+
; Analysis & Synthesis Messages ;
+-------------------------------+
Info: *******************************************************************
Info: Running Quartus II Analysis & Synthesis
    Info: Version 11.0 Build 208 07/03/2011 Service Pack 1 SJ Web Edition
    Info: Processing started: Mon Dec 14 17:32:35 2020
Info: Command: quartus_map --read_settings_files=on --write_settings_files=off UART -c UART
Warning: Parallel compilation is not licensed and has been disabled
Info: Found 2 design units, including 1 entities, in source file uart_tb.vhd
    Info: Found design unit 1: UART_tb-behav
    Info: Found entity 1: UART_tb
Info: Found 2 design units, including 1 entities, in source file /users/utente.000/desktop/progetti sdi/bus/reg3.vhd
    Info: Found design unit 1: REG3-behav
    Info: Found entity 1: REG3
Info: Found 2 design units, including 1 entities, in source file /users/utente.000/desktop/progetti sdi/bus/reg_tx.vhd
    Info: Found design unit 1: REG_TX-behav
    Info: Found entity 1: REG_TX
Info: Found 2 design units, including 1 entities, in source file /users/utente.000/desktop/progetti sdi/bus/reg_status.vhd
    Info: Found design unit 1: REG_STATUS-behav
    Info: Found entity 1: REG_STATUS
Info: Found 2 design units, including 1 entities, in source file /users/utente.000/desktop/progetti sdi/bus/reg_rx.vhd
    Info: Found design unit 1: REG_RX-behav
    Info: Found entity 1: REG_RX
Info: Found 2 design units, including 1 entities, in source file /users/utente.000/desktop/progetti sdi/bus/reg_control.vhd
    Info: Found design unit 1: REG_CONTROL-behav
    Info: Found entity 1: REG_CONTROL
Info: Found 2 design units, including 1 entities, in source file /users/utente.000/desktop/progetti sdi/bus/mux_out.vhd
    Info: Found design unit 1: MUX_OUT-behav
    Info: Found entity 1: MUX_OUT
Info: Found 2 design units, including 1 entities, in source file /users/utente.000/desktop/progetti sdi/bus/fsm_bus.vhd
    Info: Found design unit 1: FSM_BUS-behav
    Info: Found entity 1: FSM_BUS
Info: Found 2 design units, including 1 entities, in source file /users/utente.000/desktop/progetti sdi/bus/bus_int.vhd
    Info: Found design unit 1: BUS_INT-behav
    Info: Found entity 1: BUS_INT
Info: Found 2 design units, including 1 entities, in source file /users/utente.000/desktop/progetti sdi/bus/add.vhd
    Info: Found design unit 1: ADD-behav
    Info: Found entity 1: ADD
Info: Found 2 design units, including 1 entities, in source file /users/utente.000/desktop/progetti sdi/rx/voter.vhd
    Info: Found design unit 1: VOTER-behav
    Info: Found entity 1: VOTER
Info: Found 2 design units, including 1 entities, in source file /users/utente.000/desktop/progetti sdi/rx/start_g.vhd
    Info: Found design unit 1: start_g-behav
    Info: Found entity 1: start_g
Info: Found 2 design units, including 1 entities, in source file /users/utente.000/desktop/progetti sdi/rx/shift_register.vhd
    Info: Found design unit 1: shift_register-behav
    Info: Found entity 1: shift_register
Info: Found 2 design units, including 1 entities, in source file /users/utente.000/desktop/progetti sdi/rx/rx.vhd
    Info: Found design unit 1: RX-behav
    Info: Found entity 1: RX
Info: Found 2 design units, including 1 entities, in source file /users/utente.000/desktop/progetti sdi/rx/reg.vhd
    Info: Found design unit 1: REG-behav
    Info: Found entity 1: REG
Info: Found 2 design units, including 1 entities, in source file /users/utente.000/desktop/progetti sdi/rx/fsm_rx.vhd
    Info: Found design unit 1: FSM_RX-behav
    Info: Found entity 1: FSM_RX
Info: Found 2 design units, including 1 entities, in source file /users/utente.000/desktop/progetti sdi/rx/cnt_c.vhd
    Info: Found design unit 1: Cnt_c-behav
    Info: Found entity 1: Cnt_c
Info: Found 2 design units, including 1 entities, in source file /users/utente.000/desktop/progetti sdi/rx/cnt_0.vhd
    Info: Found design unit 1: Cnt_0-behav
    Info: Found entity 1: Cnt_0
Info: Found 2 design units, including 1 entities, in source file /users/utente.000/desktop/progetti sdi/tx/tx.vhd
    Info: Found design unit 1: tx-behav
    Info: Found entity 1: tx
Info: Found 2 design units, including 1 entities, in source file /users/utente.000/desktop/progetti sdi/tx/fsm_tx.vhd
    Info: Found design unit 1: FSM_tx-behav
    Info: Found entity 1: FSM_tx
Info: Found 2 design units, including 1 entities, in source file /users/utente.000/desktop/progetti sdi/tx/flipflop.vhd
    Info: Found design unit 1: FlipFlop-behav
    Info: Found entity 1: FlipFlop
Info: Found 2 design units, including 1 entities, in source file /users/utente.000/desktop/progetti sdi/tx/counter_tx.vhd
    Info: Found design unit 1: Counter_tx-behav
    Info: Found entity 1: Counter_tx
Info: Found 2 design units, including 1 entities, in source file uart.vhd
    Info: Found design unit 1: UART-behav
    Info: Found entity 1: UART
Info: Found 2 design units, including 1 entities, in source file /users/utente.000/desktop/progetti sdi/tx/shift_register_tx.vhd
    Info: Found design unit 1: shift_register_tx-behav
    Info: Found entity 1: shift_register_tx
Info: Elaborating entity "UART" for the top level hierarchy
Info: Elaborating entity "tx" for hierarchy "tx:trasm"
Info: Elaborating entity "shift_register_tx" for hierarchy "tx:trasm|shift_register_tx:S_REG"
Info: Elaborating entity "FlipFlop" for hierarchy "tx:trasm|FlipFlop:FF"
Info: Elaborating entity "Counter_tx" for hierarchy "tx:trasm|Counter_tx:CNT"
Info: Elaborating entity "FSM_tx" for hierarchy "tx:trasm|FSM_tx:CU"
Warning (10631): VHDL Process Statement warning at FSM_tx.vhd(20): inferring latch(es) for signal or variable "NS", which holds its previous value in one or more paths through the process
Info (10041): Inferred latch for "NS.DONE_STATE" at FSM_tx.vhd(20)
Info (10041): Inferred latch for "NS.D7" at FSM_tx.vhd(20)
Info (10041): Inferred latch for "NS.D6" at FSM_tx.vhd(20)
Info (10041): Inferred latch for "NS.D5" at FSM_tx.vhd(20)
Info (10041): Inferred latch for "NS.D4" at FSM_tx.vhd(20)
Info (10041): Inferred latch for "NS.D3" at FSM_tx.vhd(20)
Info (10041): Inferred latch for "NS.D2" at FSM_tx.vhd(20)
Info (10041): Inferred latch for "NS.D1" at FSM_tx.vhd(20)
Info (10041): Inferred latch for "NS.D0" at FSM_tx.vhd(20)
Info (10041): Inferred latch for "NS.STOP" at FSM_tx.vhd(20)
Info (10041): Inferred latch for "NS.SH_STOP" at FSM_tx.vhd(20)
Info (10041): Inferred latch for "NS.SH7" at FSM_tx.vhd(20)
Info (10041): Inferred latch for "NS.SH6" at FSM_tx.vhd(20)
Info (10041): Inferred latch for "NS.SH5" at FSM_tx.vhd(20)
Info (10041): Inferred latch for "NS.SH4" at FSM_tx.vhd(20)
Info (10041): Inferred latch for "NS.SH3" at FSM_tx.vhd(20)
Info (10041): Inferred latch for "NS.SH2" at FSM_tx.vhd(20)
Info (10041): Inferred latch for "NS.SH1" at FSM_tx.vhd(20)
Info (10041): Inferred latch for "NS.SH0" at FSM_tx.vhd(20)
Info (10041): Inferred latch for "NS.START" at FSM_tx.vhd(20)
Info (10041): Inferred latch for "NS.LOAD" at FSM_tx.vhd(20)
Info (10041): Inferred latch for "NS.IDLE" at FSM_tx.vhd(20)
Info: Elaborating entity "RX" for hierarchy "RX:rix"
Info: Elaborating entity "FSM_RX" for hierarchy "RX:rix|FSM_RX:CU"
Warning (10631): VHDL Process Statement warning at FSM_RX.vhd(19): inferring latch(es) for signal or variable "NS", which holds its previous value in one or more paths through the process
Info (10041): Inferred latch for "NS.IDLE" at FSM_RX.vhd(19)
Info (10041): Inferred latch for "NS.DONE_ST" at FSM_RX.vhd(19)
Info (10041): Inferred latch for "NS.WAIT_ST" at FSM_RX.vhd(19)
Info (10041): Inferred latch for "NS.LP" at FSM_RX.vhd(19)
Info (10041): Inferred latch for "NS.VOTE" at FSM_RX.vhd(19)
Info (10041): Inferred latch for "NS.REG_A" at FSM_RX.vhd(19)
Info (10041): Inferred latch for "NS.SH_C7" at FSM_RX.vhd(19)
Info (10041): Inferred latch for "NS.C6" at FSM_RX.vhd(19)
Info (10041): Inferred latch for "NS.SH_C6" at FSM_RX.vhd(19)
Info (10041): Inferred latch for "NS.C5" at FSM_RX.vhd(19)
Info (10041): Inferred latch for "NS.SH_C5" at FSM_RX.vhd(19)
Info (10041): Inferred latch for "NS.C4" at FSM_RX.vhd(19)
Info (10041): Inferred latch for "NS.SH_C4" at FSM_RX.vhd(19)
Info (10041): Inferred latch for "NS.C3" at FSM_RX.vhd(19)
Info (10041): Inferred latch for "NS.SH_C3" at FSM_RX.vhd(19)
Info (10041): Inferred latch for "NS.C2" at FSM_RX.vhd(19)
Info (10041): Inferred latch for "NS.SH_C2" at FSM_RX.vhd(19)
Info (10041): Inferred latch for "NS.C1" at FSM_RX.vhd(19)
Info (10041): Inferred latch for "NS.SH_C1" at FSM_RX.vhd(19)
Info (10041): Inferred latch for "NS.C0" at FSM_RX.vhd(19)
Info (10041): Inferred latch for "NS.SH_C0" at FSM_RX.vhd(19)
Info (10041): Inferred latch for "NS.START_ST" at FSM_RX.vhd(19)
Info (10041): Inferred latch for "NS.NC" at FSM_RX.vhd(19)
Info (10041): Inferred latch for "NS.SH_X" at FSM_RX.vhd(19)
Info: Elaborating entity "shift_register" for hierarchy "RX:rix|shift_register:SHC"
Info: Elaborating entity "start_g" for hierarchy "RX:rix|start_g:strt"
Info: Elaborating entity "REG" for hierarchy "RX:rix|REG:regA0"
Info: Elaborating entity "VOTER" for hierarchy "RX:rix|VOTER:vot"
Info: Elaborating entity "Cnt_c" for hierarchy "RX:rix|Cnt_c:counter_c"
Info: Elaborating entity "Cnt_0" for hierarchy "RX:rix|Cnt_0:counter_0"
Info: Elaborating entity "BUS_INT" for hierarchy "BUS_INT:bus_i"
Info: Elaborating entity "REG_TX" for hierarchy "BUS_INT:bus_i|REG_TX:R_TX"
Info: Elaborating entity "REG_RX" for hierarchy "BUS_INT:bus_i|REG_RX:R_RX"
Info: Elaborating entity "REG_CONTROL" for hierarchy "BUS_INT:bus_i|REG_CONTROL:R_C"
Info: Elaborating entity "REG_STATUS" for hierarchy "BUS_INT:bus_i|REG_STATUS:R_S"
Info: Elaborating entity "REG3" for hierarchy "BUS_INT:bus_i|REG3:REG"
Info: Elaborating entity "ADD" for hierarchy "BUS_INT:bus_i|ADD:address_mux"
Info: Elaborating entity "MUX_OUT" for hierarchy "BUS_INT:bus_i|MUX_OUT:MUX"
Info: Elaborating entity "FSM_BUS" for hierarchy "BUS_INT:bus_i|FSM_BUS:CU"
Warning (10492): VHDL Process Statement warning at FSM_bus.vhd(47): signal "ATNCK" is read inside the Process Statement but isn't in the Process Statement's sensitivity list
Warning (10631): VHDL Process Statement warning at FSM_bus.vhd(21): inferring latch(es) for signal or variable "NS", which holds its previous value in one or more paths through the process
Info (10041): Inferred latch for "NS.ATN_ST" at FSM_bus.vhd(21)
Info (10041): Inferred latch for "NS.MUX_ST" at FSM_bus.vhd(21)
Info (10041): Inferred latch for "NS.RESET_CTRL_REG" at FSM_bus.vhd(21)
Info (10041): Inferred latch for "NS.FULL_RX" at FSM_bus.vhd(21)
Info (10041): Inferred latch for "NS.EMPTY_TX" at FSM_bus.vhd(21)
Info (10041): Inferred latch for "NS.BUSY" at FSM_bus.vhd(21)
Info (10041): Inferred latch for "NS.EN_TX_ST" at FSM_bus.vhd(21)
Info (10041): Inferred latch for "NS.EN_RX_ST" at FSM_bus.vhd(21)
Info (10041): Inferred latch for "NS.WRITE_ST" at FSM_bus.vhd(21)
Info (10041): Inferred latch for "NS.READ_ST" at FSM_bus.vhd(21)
Info (10041): Inferred latch for "NS.WAIT_ST" at FSM_bus.vhd(21)
Warning: Latch BUS_INT:bus_i|FSM_BUS:CU|NS.READ_ST_451 has unsafe behavior
    Warning: Ports D and ENA on the latch are fed by the same signal BUS_INT:bus_i|FSM_BUS:CU|PS.WAIT_ST
Warning: Latch BUS_INT:bus_i|FSM_BUS:CU|NS.WRITE_ST_432 has unsafe behavior
    Warning: Ports D and ENA on the latch are fed by the same signal BUS_INT:bus_i|FSM_BUS:CU|PS.WAIT_ST
Warning: Latch tx:trasm|FSM_tx:CU|NS.SH0_905 has unsafe behavior
    Warning: Ports D and ENA on the latch are fed by the same signal tx:trasm|FSM_tx:CU|PS.START
Warning: Latch tx:trasm|FSM_tx:CU|NS.SH1_886 has unsafe behavior
    Warning: Ports D and ENA on the latch are fed by the same signal tx:trasm|FSM_tx:CU|PS.D0
Warning: Latch tx:trasm|FSM_tx:CU|NS.SH2_867 has unsafe behavior
    Warning: Ports D and ENA on the latch are fed by the same signal tx:trasm|FSM_tx:CU|PS.D1
Warning: Latch tx:trasm|FSM_tx:CU|NS.SH3_848 has unsafe behavior
    Warning: Ports D and ENA on the latch are fed by the same signal tx:trasm|FSM_tx:CU|PS.D2
Warning: Latch tx:trasm|FSM_tx:CU|NS.SH4_829 has unsafe behavior
    Warning: Ports D and ENA on the latch are fed by the same signal tx:trasm|FSM_tx:CU|PS.D3
Warning: Latch tx:trasm|FSM_tx:CU|NS.SH5_810 has unsafe behavior
    Warning: Ports D and ENA on the latch are fed by the same signal tx:trasm|FSM_tx:CU|PS.D4
Warning: Latch tx:trasm|FSM_tx:CU|NS.SH6_791 has unsafe behavior
    Warning: Ports D and ENA on the latch are fed by the same signal tx:trasm|FSM_tx:CU|PS.D5
Warning: Latch tx:trasm|FSM_tx:CU|NS.SH7_772 has unsafe behavior
    Warning: Ports D and ENA on the latch are fed by the same signal tx:trasm|FSM_tx:CU|PS.D6
Warning: Latch tx:trasm|FSM_tx:CU|NS.SH_STOP_753 has unsafe behavior
    Warning: Ports D and ENA on the latch are fed by the same signal tx:trasm|FSM_tx:CU|PS.D7
Warning: Latch tx:trasm|FSM_tx:CU|NS.LOAD_943 has unsafe behavior
    Warning: Ports D and ENA on the latch are fed by the same signal tx:trasm|FSM_tx:CU|PS.IDLE
Warning: Latch tx:trasm|FSM_tx:CU|NS.DONE_STATE_563 has unsafe behavior
    Warning: Ports D and ENA on the latch are fed by the same signal tx:trasm|FSM_tx:CU|PS.STOP
Warning: Latch BUS_INT:bus_i|FSM_BUS:CU|NS.WAIT_ST_470 has unsafe behavior
    Warning: Ports D and ENA on the latch are fed by the same signal BUS_INT:bus_i|FSM_BUS:CU|PS.ATN_ST
Warning: Latch BUS_INT:bus_i|FSM_BUS:CU|NS.EMPTY_TX_356 has unsafe behavior
    Warning: Ports D and ENA on the latch are fed by the same signal BUS_INT:bus_i|FSM_BUS:CU|PS.BUSY
Warning: Latch BUS_INT:bus_i|FSM_BUS:CU|NS.FULL_RX_337 has unsafe behavior
    Warning: Ports D and ENA on the latch are fed by the same signal BUS_INT:bus_i|FSM_BUS:CU|PS.BUSY
Warning: Latch BUS_INT:bus_i|FSM_BUS:CU|NS.EN_TX_ST_394 has unsafe behavior
    Warning: Ports D and ENA on the latch are fed by the same signal BUS_INT:bus_i|FSM_BUS:CU|PS.WAIT_ST
Warning: Latch BUS_INT:bus_i|FSM_BUS:CU|NS.EN_RX_ST_413 has unsafe behavior
    Warning: Ports D and ENA on the latch are fed by the same signal BUS_INT:bus_i|FSM_BUS:CU|PS.WAIT_ST
Warning: Latch RX:rix|FSM_RX:CU|NS.SH_X_1162 has unsafe behavior
    Warning: Ports D and ENA on the latch are fed by the same signal RX:rix|FSM_RX:CU|PS.NC
Warning: Latch RX:rix|FSM_RX:CU|NS.SH_C0_1105 has unsafe behavior
    Warning: Ports D and ENA on the latch are fed by the same signal RX:rix|FSM_RX:CU|PS.START_ST
Warning: Latch RX:rix|FSM_RX:CU|NS.SH_C1_1067 has unsafe behavior
    Warning: Ports D and ENA on the latch are fed by the same signal RX:rix|FSM_RX:CU|PS.C0
Warning: Latch RX:rix|FSM_RX:CU|NS.SH_C2_1029 has unsafe behavior
    Warning: Ports D and ENA on the latch are fed by the same signal RX:rix|FSM_RX:CU|PS.C1
Warning: Latch RX:rix|FSM_RX:CU|NS.SH_C3_991 has unsafe behavior
    Warning: Ports D and ENA on the latch are fed by the same signal RX:rix|FSM_RX:CU|PS.C2
Warning: Latch RX:rix|FSM_RX:CU|NS.SH_C4_953 has unsafe behavior
    Warning: Ports D and ENA on the latch are fed by the same signal RX:rix|FSM_RX:CU|PS.C3
Warning: Latch RX:rix|FSM_RX:CU|NS.SH_C5_915 has unsafe behavior
    Warning: Ports D and ENA on the latch are fed by the same signal RX:rix|FSM_RX:CU|PS.C4
Warning: Latch RX:rix|FSM_RX:CU|NS.SH_C6_877 has unsafe behavior
    Warning: Ports D and ENA on the latch are fed by the same signal RX:rix|FSM_RX:CU|PS.C5
Warning: Latch RX:rix|FSM_RX:CU|NS.SH_C7_839 has unsafe behavior
    Warning: Ports D and ENA on the latch are fed by the same signal RX:rix|FSM_RX:CU|PS.C6
Info: Generating hard_block partition "hard_block:auto_generated_inst"
Info: Implemented 290 device resources after synthesis - the final resource count might be different
    Info: Implemented 16 input pins
    Info: Implemented 10 output pins
    Info: Implemented 264 logic cells
Info: Quartus II Analysis & Synthesis was successful. 0 errors, 59 warnings
    Info: Peak virtual memory: 307 megabytes
    Info: Processing ended: Mon Dec 14 17:32:40 2020
    Info: Elapsed time: 00:00:05
    Info: Total CPU time (on all processors): 00:00:05


